[factcheck] işlenecek iddia sayısı: 100
Warning: You are sending unauthenticated requests to the HF Hub. Please set a HF_TOKEN to enable higher rate limits and faster downloads.
Loading weights:   0%|          | 0/202 [00:00<?, ?it/s]Loading weights: 100%|██████████| 202/202 [00:00<00:00, 6503.15it/s]
Loading weights:   0%|          | 0/199 [00:00<?, ?it/s]Loading weights: 100%|██████████| 199/199 [00:00<00:00, 7171.72it/s]
[evidence] alaka filtresi: 1 aday elendi (terimler=['venous', 'stasis', 'pigmentation', 'varicose', 'veins', 'signs'], kalan=21)
[evidence] hibrit yol: pubmed+europepmc+medlineplus (5 parça)
  [1213] batch kuyruğu (force_package_only=False)
[evidence] hibrit yol: pubmed_mesh+europepmc (5 parça)
[evidence] supportive — web_search açık, paket öncelikli (tier=supportive)
  [1215] batch kuyruğu (force_package_only=False)
[evidence] alaka filtresi: 4 aday elendi (terimler=['nocturia', 'fluid', 'overload', 'heart', 'edema', 'kalp'], kalan=14)
[evidence] hibrit yol: pubmed_mesh+europepmc+medlineplus (5 parça)
[evidence] epistemic=no_direct_evidence_expected
  [1216] batch kuyruğu (force_package_only=False)
[evidence] alaka filtresi: 1 aday elendi (terimler=['heart', 'failure', 'fluid', 'retention', 'edema', 'symptoms'], kalan=24)
[evidence] hibrit yol: pubmed+europepmc+medlineplus (5 parça)
[evidence] supportive — web_search açık, paket öncelikli (tier=supportive)
  [1217] batch kuyruğu (force_package_only=False)
[evidence] native yetersiz (reason=low_tier relevance_ok=True quality_ok=False) — Serper
[evidence] Serper yeterli (reason=ok best_tier=primary_study)
[evidence] alaka filtresi: 10 aday elendi (terimler=['preserved', 'ejection', 'fraction', 'lymphedema', 'misdiagnosis', 'kalp'], kalan=9)
[evidence] hibrit yol: pubmed_mesh+europepmc+serper (5 parça)
[evidence] supportive — web_search açık, paket öncelikli (tier=supportive)
  [1218] batch kuyruğu (force_package_only=False)
[evidence] alaka filtresi: 1 aday elendi (terimler=['diuretic', 'resistant', 'edema', 'lymphatic', 'dysfunction', 'i̇drar'], kalan=16)
[evidence] hibrit yol: pubmed_mesh+europepmc (5 parça)
[evidence] bileşen haritası: background(kept=5), background(kept=5)
  [1219] batch kuyruğu (force_package_only=False)
[evidence] hibrit yol: pubmed_mesh+europepmc (5 parça)
  [1222] batch kuyruğu (force_package_only=False)
[evidence] hibrit yol: pubmed+europepmc (5 parça)
[evidence] epistemic=no_direct_evidence_expected
[evidence] bileşen haritası: background(kept=5), background(kept=5)
  [1223] batch kuyruğu (force_package_only=False)
[evidence] alaka filtresi: 1 aday elendi (terimler=['sodium', 'intake', 'retention', 'fluid', 'balance', 'vücuda'], kalan=24)
[evidence] hibrit yol: pubmed+europepmc+medlineplus (5 parça)
[evidence] supportive — web_search açık, paket öncelikli (tier=supportive)
[evidence] bileşen haritası: supportive(kept=5), background(kept=5)
  [1224] batch kuyruğu (force_package_only=False)
[evidence] alaka filtresi: 2 aday elendi (terimler=['alcohol', 'vasodilation', 'capillary', 'permeability', 'edema', 'tek'], kalan=18)
[evidence] hibrit yol: pubmed+europepmc (5 parça)
[evidence] supportive — web_search açık, paket öncelikli (tier=supportive)
  [1225] batch kuyruğu (force_package_only=False)
[evidence] alaka filtresi: 4 aday elendi (terimler=['berries', 'capillary', 'strength', 'flavonoid', 'supplementation', 'günde'], kalan=6)
[evidence] hibrit yol: europepmc (5 parça)
  [1228] batch kuyruğu (force_package_only=False)
[evidence] alaka filtresi: 1 aday elendi (terimler=['hypoalbuminemia', 'edema', 'elderly', 'mechanism', 'kanda', 'düşük'], kalan=19)
[evidence] hibrit yol: pubmed+europepmc (5 parça)
[evidence] epistemic=no_direct_evidence_expected
  [1229] batch kuyruğu (force_package_only=False)
[evidence] alaka filtresi: 3 aday elendi (terimler=['protein', 'intake', 'fluid', 'balance', 'edema', 'yumurta'], kalan=26)
[evidence] hibrit yol: pubmed_mesh+europepmc+medlineplus (5 parça)
  [1231] batch kuyruğu (force_package_only=False)
[evidence] hibrit yol: pubmed_mesh+europepmc+medlineplus (5 parça)
  [1232] batch kuyruğu (force_package_only=False)
[evidence] alaka filtresi: 5 aday elendi (terimler=['ankle', 'pumping', 'exercise', 'lymphatic', 'flow', 'morning'], kalan=6)
[evidence] hibrit yol: europepmc+medlineplus (5 parça)
  [1234] batch kuyruğu (force_package_only=False)
[evidence] alaka filtresi: 2 aday elendi (terimler=['leg', 'elevation', 'lymphatic', 'drainage', 'venous', 'return'], kalan=18)
[evidence] hibrit yol: pubmed_mesh+europepmc (5 parça)
  [1237] batch kuyruğu (force_package_only=False)
[evidence] hibrit yol: pubmed_mesh+europepmc+medlineplus (5 parça)
[evidence] supportive — web_search açık, paket öncelikli (tier=supportive)
[evidence] bileşen haritası: background(kept=5), background(kept=5)
  [1238] batch kuyruğu (force_package_only=False)
[evidence] alaka filtresi: 1 aday elendi (terimler=['manual', 'lymphatic', 'drainage', 'massage', 'leg', 'technique'], kalan=19)
[evidence] hibrit yol: pubmed+europepmc (5 parça)
[evidence] supportive — web_search açık, paket öncelikli (tier=supportive)
  [1239] batch kuyruğu (force_package_only=False)
[evidence] alaka filtresi: 1 aday elendi (terimler=['anabolic', 'resistance', 'aging', 'leucine', 'threshold', 'gramlık'], kalan=24)
[evidence] hibrit yol: pubmed_mesh+europepmc (5 parça)
[evidence] epistemic=no_direct_evidence_expected
  [1274] batch kuyruğu (force_package_only=False)
[evidence] hibrit yol: pubmed_mesh+europepmc (5 parça)
[evidence] epistemic=no_direct_evidence_expected
  [1275] batch kuyruğu (force_package_only=False)
[evidence] hibrit yol: pubmed_mesh+europepmc (5 parça)
  [1277] batch kuyruğu (force_package_only=False)
[evidence] alaka filtresi: 1 aday elendi (terimler=['turmeric', 'black', 'pepper', 'combination', 'absorption', 'zerdeçal'], kalan=23)
[evidence] hibrit yol: pubmed_mesh+europepmc+medlineplus (5 parça)
[evidence] bileşen haritası: background(kept=5), background(kept=5)
  [1278] batch kuyruğu (force_package_only=False)
[evidence] hibrit yol: pubmed_mesh+europepmc (5 parça)
[evidence] supportive — web_search açık, paket öncelikli (tier=supportive)
  [1280] batch kuyruğu (force_package_only=False)
[evidence] alaka filtresi: 2 aday elendi (terimler=['coffee', 'timing', 'cortisol', 'muscle', 'loss', 'günde'], kalan=8)
[evidence] hibrit yol: europepmc (5 parça)
[evidence] epistemic=no_direct_evidence_expected
  [1286] batch kuyruğu (force_package_only=False)
[evidence] alaka filtresi: 1 aday elendi (terimler=['supplemented', 'coffee', 'muscle', 'protection', 'protocol', 'sekiz'], kalan=12)
[evidence] hibrit yol: pubmed_mesh+europepmc (5 parça)
[evidence] strong_match — web_search kapalı (specificity_ok=True)
[evidence] bileşen haritası: supportive(kept=5), supportive(kept=5)
  [1291] batch kuyruğu (force_package_only=True)
[evidence] alaka filtresi: 3 aday elendi (terimler=['protein', 'damage', 'myth', 'healthy', 'adults', 'proteinin'], kalan=22)
[evidence] hibrit yol: pubmed_mesh+europepmc+medlineplus (5 parça)
[evidence] bileşen haritası: background(kept=5), background(kept=5)
  [1294] batch kuyruğu (force_package_only=False)
[evidence] hibrit yol: pubmed+europepmc+medlineplus (5 parça)
  [1296] batch kuyruğu (force_package_only=False)
[evidence] alaka filtresi: 1 aday elendi (terimler=['breakfast', 'protein', 'requirement', 'older', 'adults', 'muscle'], kalan=21)
[evidence] hibrit yol: pubmed+europepmc+medlineplus (5 parça)
  [1298] batch kuyruğu (force_package_only=False)
[evidence] alaka filtresi: 2 aday elendi (terimler=['whey', 'protein', 'collagen', 'collagenous', 'kolajen', 'kolagen'], kalan=8)
[evidence] hibrit yol: europepmc (5 parça)
[evidence] bileşen haritası: background(kept=5), supportive(kept=5)
  [1299] batch kuyruğu (force_package_only=False)
[evidence] hibrit yol: pubmed_mesh+europepmc (5 parça)
[evidence] epistemic=no_direct_evidence_expected
[evidence] bileşen haritası: background(kept=5), background(kept=5)
  [1300] batch kuyruğu (force_package_only=False)
[evidence] alaka filtresi: 6 aday elendi (terimler=['whey', 'protein', 'cinnamon', 'cinnamomum', 'tarçın', 'tarcin'], kalan=9)
[evidence] hibrit yol: europepmc+medlineplus (5 parça)
[evidence] supportive — web_search açık, paket öncelikli (tier=supportive)
  [1302] batch kuyruğu (force_package_only=False)
[evidence] alaka filtresi: 3 aday elendi (terimler=['turmeric', 'piperine', 'collagen', 'collagenous', 'kolajen', 'kolagen'], kalan=7)
[evidence] hibrit yol: europepmc (5 parça)
[evidence] supportive — web_search açık, paket öncelikli (tier=supportive)
  [1304] batch kuyruğu (force_package_only=False)
[evidence] hibrit yol: pubmed+europepmc (5 parça)
[evidence] epistemic=no_direct_evidence_expected
[evidence] bileşen haritası: background(kept=5), background(kept=5)
  [1306] batch kuyruğu (force_package_only=False)
[evidence] alaka filtresi: 3 aday elendi (terimler=['mct', 'mcts', 'medium-chain', 'orta zincirli', 'oil', 'protein'], kalan=8)
[evidence] hibrit yol: pubmed_mesh+europepmc (5 parça)
[evidence] epistemic=no_direct_evidence_expected
[evidence] bileşen haritası: background(kept=5), supportive(kept=5)
  [1307] batch kuyruğu (force_package_only=False)
[evidence] alaka filtresi: 2 aday elendi (terimler=['collagen', 'collagenous', 'kolajen', 'kolagen', 'supplementation', 'joint'], kalan=22)
[evidence] hibrit yol: pubmed_mesh+europepmc (5 parça)
[evidence] supportive — web_search açık, paket öncelikli (tier=supportive)
  [1308] batch kuyruğu (force_package_only=False)
[evidence] hibrit yol: pubmed+europepmc+medlineplus (5 parça)
  [1309] batch kuyruğu (force_package_only=False)
[evidence] alaka filtresi: 1 aday elendi (terimler=['sarcopenia', 'reversal', 'nutrition', 'older', 'adults', 'sarkopeni'], kalan=19)
[evidence] hibrit yol: pubmed+europepmc (5 parça)
[evidence] supportive — web_search açık, paket öncelikli (tier=supportive)
  [1310] batch kuyruğu (force_package_only=False)
[evidence] hibrit yol: pubmed_mesh+europepmc+medlineplus (5 parça)
[evidence] bileşen haritası: background(kept=5), supportive(kept=5)
  [244] batch kuyruğu (force_package_only=False)
[evidence] hibrit yol: pubmed+europepmc+medlineplus (5 parça)
  [256] batch kuyruğu (force_package_only=False)
[evidence] alaka filtresi: 2 aday elendi (terimler=['egg', 'consumption', 'cholesterol', 'muscle', 'safety', 'modern'], kalan=18)
[evidence] hibrit yol: pubmed_mesh+europepmc+medlineplus (5 parça)
  [261] batch kuyruğu (force_package_only=False)
[evidence] alaka filtresi: 2 aday elendi (terimler=['omega', 'fatty', 'acids', 'inflammation', 'aging', 'yağ'], kalan=21)
[evidence] hibrit yol: pubmed+europepmc+medlineplus (5 parça)
[evidence] strong_match — web_search kapalı (specificity_ok=True)
  [262] batch kuyruğu (force_package_only=True)
[evidence] alaka filtresi: 2 aday elendi (terimler=['oily', 'fish', 'consumption', 'muscle', 'elderly', 'haftada'], kalan=17)
[evidence] hibrit yol: pubmed+europepmc (5 parça)
  [263] batch kuyruğu (force_package_only=False)
[evidence] hibrit yol: pubmed+europepmc+medlineplus (5 parça)
[evidence] supportive — web_search açık, paket öncelikli (tier=supportive)
  [267] batch kuyruğu (force_package_only=False)
[evidence] hibrit yol: pubmed+europepmc+medlineplus (5 parça)
  [268] batch kuyruğu (force_package_only=False)
[evidence] alaka filtresi: 2 aday elendi (terimler=['supplements', 'versus', 'whole', 'food', 'muscle', 'gerçek'], kalan=23)
[evidence] hibrit yol: pubmed+europepmc+medlineplus (5 parça)
[evidence] epistemic=no_direct_evidence_expected
  [269] batch kuyruğu (force_package_only=False)
[evidence] alaka filtresi: 1 aday elendi (terimler=['growth', 'hormone', 'secretion', 'deep', 'sleep', 'muscle'], kalan=28)
[evidence] hibrit yol: pubmed_mesh+europepmc+medlineplus (5 parça)
  [270] batch kuyruğu (force_package_only=False)
[evidence] alaka filtresi: 1 aday elendi (terimler=['leucine', 'muscle', 'protein', 'synthesis', 'trigger', 'lösin'], kalan=21)
[evidence] hibrit yol: pubmed+europepmc+medlineplus (5 parça)
  [271] batch kuyruğu (force_package_only=False)
[evidence] hibrit yol: pubmed_mesh+europepmc (5 parça)
  [272] batch kuyruğu (force_package_only=False)
[evidence] hibrit yol: pubmed+europepmc+medlineplus (5 parça)
[evidence] supportive — web_search açık, paket öncelikli (tier=supportive)
  [273] batch kuyruğu (force_package_only=False)
[evidence] alaka filtresi: 8 aday elendi (terimler=['sweating', 'dehydration', 'elderly', 'summer', 'yaz', 'aylarında'], kalan=20)
[evidence] hibrit yol: pubmed_mesh+europepmc+medlineplus (5 parça)
  [274] batch kuyruğu (force_package_only=False)
[evidence] hibrit yol: pubmed+europepmc+medlineplus (5 parça)
[evidence] epistemic=no_direct_evidence_expected
  [275] batch kuyruğu (force_package_only=False)
[evidence] hibrit yol: pubmed+europepmc (5 parça)
[evidence] strong_match — web_search kapalı (specificity_ok=True)
  [349] batch kuyruğu (force_package_only=True)
[evidence] alaka filtresi: 5 aday elendi (terimler=['endothelial', 'nitric', 'oxide', 'vasodilation', 'brain', 'flow'], kalan=20)
[evidence] hibrit yol: pubmed+europepmc+medlineplus (5 parça)
[evidence] supportive — web_search açık, paket öncelikli (tier=supportive)
  [350] batch kuyruğu (force_package_only=False)
[evidence] alaka filtresi: 1 aday elendi (terimler=['beetroot', 'beet', 'pancar', 'nitrate', 'richest', 'source'], kalan=16)
[evidence] hibrit yol: pubmed_mesh+europepmc (5 parça)
[evidence] supportive — web_search açık, paket öncelikli (tier=supportive)
  [355] batch kuyruğu (force_package_only=False)
[evidence] hibrit yol: pubmed+europepmc+medlineplus (5 parça)
[evidence] supportive — web_search açık, paket öncelikli (tier=supportive)
[evidence] bileşen haritası: supportive(kept=5), supportive(kept=5)
  [356] batch kuyruğu (force_package_only=False)
[evidence] alaka filtresi: 3 aday elendi (terimler=['nitrate', 'heat', 'stability', 'cooking', 'nitrat', 'ısıya'], kalan=11)
[evidence] hibrit yol: pubmed_mesh+europepmc (5 parça)
  [359] batch kuyruğu (force_package_only=False)
[evidence] hibrit yol: pubmed_mesh+europepmc (5 parça)
  [373] batch kuyruğu (force_package_only=False)
[evidence] alaka filtresi: 1 aday elendi (terimler=['beetroot', 'beet', 'pancar', 'cooking', 'nitrate', 'loss'], kalan=11)
[evidence] hibrit yol: pubmed_mesh+europepmc (5 parça)
[evidence] bileşen haritası: background(kept=5), background(kept=5)
  [374] batch kuyruğu (force_package_only=False)
[evidence] hibrit yol: europepmc+medlineplus (5 parça)
  [613] batch kuyruğu (force_package_only=False)
[evidence] alaka filtresi: 1 aday elendi (terimler=['beau', 'lines', 'nail', 'matrix', 'growth', 'arrest'], kalan=20)
[evidence] hibrit yol: pubmed_mesh+europepmc+medlineplus (5 parça)
  [616] batch kuyruğu (force_package_only=False)
[evidence] alaka filtresi: 4 aday elendi (terimler=['nail', 'growth', 'nutritional', 'history', 'record', 'tırnaklar'], kalan=17)
[evidence] hibrit yol: pubmed_mesh+europepmc+medlineplus (5 parça)
  [623] batch kuyruğu (force_package_only=False)
[evidence] hibrit yol: europepmc (5 parça)
  [625] batch kuyruğu (force_package_only=False)
[evidence] hibrit yol: pubmed_mesh+europepmc (5 parça)
  [631] batch kuyruğu (force_package_only=False)
[evidence] alaka filtresi: 2 aday elendi (terimler=['lunula', 'nail', 'matrix', 'anatomy', 'tırnağın', 'dibinde'], kalan=18)
[evidence] hibrit yol: pubmed_mesh+europepmc (5 parça)
[evidence] strong_match — web_search kapalı (specificity_ok=True)
  [633] batch kuyruğu (force_package_only=True)
[evidence] alaka filtresi: 7 aday elendi (terimler=['iron', 'gfr', 'glomerular', 'filtration', 'metabolic', 'panel'], kalan=4)
[evidence] hibrit yol: europepmc+medlineplus (4 parça)
  [646] batch kuyruğu (force_package_only=False)
[evidence] alaka filtresi: 1 aday elendi (terimler=['subclinical', 'progression', 'early', 'biomarkers', 'years', 'vücut'], kalan=19)
[evidence] hibrit yol: pubmed+europepmc (5 parça)
  [650] batch kuyruğu (force_package_only=False)
[evidence] hibrit yol: pubmed+europepmc+medlineplus (5 parça)
[evidence] supportive — web_search açık, paket öncelikli (tier=supportive)
[evidence] bileşen haritası: supportive(kept=5), supportive(kept=5)
  [723] batch kuyruğu (force_package_only=False)
[evidence] alaka filtresi: 1 aday elendi (terimler=['glycemic', 'load', 'classification', 'thresholds', 'glisemik', 'yük'], kalan=10)
[evidence] hibrit yol: pubmed_mesh+europepmc (5 parça)
[evidence] bileşen haritası: background(kept=4), background(kept=5)
  [724] batch kuyruğu (force_package_only=False)
[evidence] hibrit yol: usda_cache_static (1 parça)
[evidence] bileşen haritası: background(kept=1), background(kept=1)
  [726] batch kuyruğu (force_package_only=False)
[evidence] alaka filtresi: 7 aday elendi (terimler=['canned', 'sweetened', 'cherries', 'glycemic', 'şurupta', 'bekletilmiş'], kalan=4)
[evidence] hibrit yol: europepmc+medlineplus (4 parça)
[evidence] supportive — web_search açık, paket öncelikli (tier=supportive)
  [728] batch kuyruğu (force_package_only=False)
[evidence] hibrit yol: usda_cache_static (1 parça)
[evidence] epistemic=no_direct_evidence_expected
  [729] batch kuyruğu (force_package_only=False)
[evidence] alaka filtresi: 2 aday elendi (terimler=['guava', 'vitamin', 'lycopene', 'cardiovascular', 'eşit', 'ağırlıktaki'], kalan=14)
[evidence] hibrit yol: pubmed_mesh+europepmc+medlineplus (5 parça)
  [730] batch kuyruğu (force_package_only=False)
[evidence] alaka filtresi: 2 aday elendi (terimler=['strawberry', 'glycemic', 'index', 'anthocyanin', 'vitamin', 'çileğin'], kalan=13)
[evidence] hibrit yol: europepmc+medlineplus (5 parça)
  [732] batch kuyruğu (force_package_only=False)
[evidence] hibrit yol: usda_cache_static (1 parça)
[evidence] epistemic=no_direct_evidence_expected
  [734] batch kuyruğu (force_package_only=False)
[evidence] alaka filtresi: 1 aday elendi (terimler=['avocado', 'monounsaturated', 'fat', 'hdl', 'ldl', 'cholesterol'], kalan=21)
[evidence] hibrit yol: pubmed_mesh+europepmc+medlineplus (5 parça)
[evidence] epistemic=no_direct_evidence_expected
  [736] batch kuyruğu (force_package_only=False)
[evidence] alaka filtresi: 3 aday elendi (terimler=['pear', 'glycemic', 'index', 'load', 'armutun', 'glisemik'], kalan=13)
[evidence] hibrit yol: pubmed_mesh+europepmc (5 parça)
[evidence] epistemic=no_direct_evidence_expected
  [738] batch kuyruğu (force_package_only=False)
[evidence] alaka filtresi: 3 aday elendi (terimler=['pear', 'pectin', 'glycemic', 'response', 'armuttaki', 'pektin'], kalan=7)
[evidence] hibrit yol: europepmc (5 parça)
  [739] batch kuyruğu (force_package_only=False)
[evidence] hibrit yol: pubmed+europepmc (5 parça)
  [740] batch kuyruğu (force_package_only=False)
[evidence] hibrit yol: pubmed_mesh+europepmc+medlineplus (5 parça)
[evidence] bileşen haritası: background(kept=5), background(kept=5)
  [741] batch kuyruğu (force_package_only=False)
[evidence] alaka filtresi: 1 aday elendi (terimler=['apple', 'glycemic', 'index', 'load', 'elmanın', 'glisemik'], kalan=18)
[evidence] hibrit yol: pubmed+europepmc (5 parça)
  [742] batch kuyruğu (force_package_only=False)
[evidence] alaka filtresi: 3 aday elendi (terimler=['apple', 'peel', 'quercetin', 'chlorogenic', 'acid', 'glycemic'], kalan=17)
[evidence] hibrit yol: pubmed_mesh+europepmc (5 parça)
[evidence] supportive — web_search açık, paket öncelikli (tier=supportive)
  [743] batch kuyruğu (force_package_only=False)
[evidence] alaka filtresi: 2 aday elendi (terimler=['whole', 'orange', 'glycemic', 'index', 'load', 'bütün'], kalan=15)
[evidence] hibrit yol: pubmed_mesh+europepmc+medlineplus (5 parça)
[evidence] bileşen haritası: background(kept=5), background(kept=5)
  [747] batch kuyruğu (force_package_only=False)
[evidence] hibrit yol: pubmed_mesh+europepmc+medlineplus (5 parça)
  [749] batch kuyruğu (force_package_only=False)
[evidence] alaka filtresi: 3 aday elendi (terimler=['blueberry', 'blueberries', 'vaccinium', 'yaban mersini', 'glycemic', 'index'], kalan=13)
[evidence] hibrit yol: pubmed_mesh+europepmc (5 parça)
[evidence] epistemic=no_direct_evidence_expected
  [751] batch kuyruğu (force_package_only=False)
[evidence] alaka filtresi: 9 aday elendi (terimler=['blueberry', 'blueberries', 'vaccinium', 'yaban mersini', 'intake', 'dosage'], kalan=17)
[evidence] hibrit yol: pubmed_mesh+europepmc+medlineplus (5 parça)
  [753] batch kuyruğu (force_package_only=False)
[evidence] hibrit yol: pubmed_mesh+europepmc (5 parça)
[evidence] supportive — web_search açık, paket öncelikli (tier=supportive)
  [756] batch kuyruğu (force_package_only=False)
[evidence] alaka filtresi: 2 aday elendi (terimler=['mango', 'glycemic', 'index', 'load', 'mangonun', 'glisemik'], kalan=17)
[evidence] hibrit yol: pubmed_mesh+europepmc (5 parça)
[evidence] strong_match — web_search kapalı (specificity_ok=True)
  [758] batch kuyruğu (force_package_only=True)
[evidence] alaka filtresi: 3 aday elendi (terimler=['pineapple', 'glycemic', 'index', 'load', 'ananasın', 'glisemik'], kalan=16)
[evidence] hibrit yol: pubmed_mesh+europepmc (5 parça)
[evidence] supportive — web_search açık, paket öncelikli (tier=supportive)
  [760] batch kuyruğu (force_package_only=False)
[evidence] alaka filtresi: 2 aday elendi (terimler=['banana', 'glycemic', 'index', 'load', 'muzun', 'glisemik'], kalan=23)
[evidence] hibrit yol: pubmed_mesh+europepmc (5 parça)
  [762] batch kuyruğu (force_package_only=False)
[evidence] alaka filtresi: 3 aday elendi (terimler=['papaya', 'glycemic', 'index', 'load', 'papayanın', 'glisemik'], kalan=17)
[evidence] hibrit yol: pubmed_mesh+europepmc (5 parça)
[evidence] supportive — web_search açık, paket öncelikli (tier=supportive)
  [764] batch kuyruğu (force_package_only=False)
[evidence] alaka filtresi: 3 aday elendi (terimler=['grape', 'glycemic', 'index', 'load', 'üzümün', 'glisemik'], kalan=20)
[evidence] hibrit yol: pubmed_mesh+europepmc (5 parça)
[evidence] epistemic=no_direct_evidence_expected
  [765] batch kuyruğu (force_package_only=False)
[evidence] alaka filtresi: 1 aday elendi (terimler=['grape', 'resveratrol', 'polyphenols', 'cardiovascular', 'üzümdeki', 'polifenol'], kalan=19)
[evidence] hibrit yol: pubmed+europepmc+medlineplus (5 parça)
  [766] batch kuyruğu (force_package_only=False)
[evidence] alaka filtresi: 3 aday elendi (terimler=['watermelon', 'glycemic', 'index', 'load', 'karpuzun', 'glisemik'], kalan=13)
[evidence] hibrit yol: pubmed_mesh+europepmc (5 parça)
[evidence] epistemic=no_direct_evidence_expected
  [769] batch kuyruğu (force_package_only=False)
[evidence] alaka filtresi: 12 aday elendi (terimler=['berries', 'kiwi', 'kiwifruit', 'actinidin', 'kivi', 'glycemic'], kalan=4)
[evidence] hibrit yol: pubmed_mesh+europepmc+medlineplus (4 parça)
  [770] batch kuyruğu (force_package_only=False)
[evidence] alaka filtresi: 4 aday elendi (terimler=['fruit', 'glycemic', 'response', 'gastric', 'emptying', 'oranı'], kalan=21)
[evidence] hibrit yol: pubmed_mesh+europepmc+medlineplus (5 parça)
[evidence] bileşen haritası: background(kept=5), background(kept=5)
  [771] batch kuyruğu (force_package_only=False)
[evidence] alaka filtresi: 2 aday elendi (terimler=['protein', 'fat', 'combination', 'fruit', 'postprandial', 'glucose'], kalan=24)
[evidence] hibrit yol: pubmed_mesh+europepmc+medlineplus (5 parça)
  [772] batch kuyruğu (force_package_only=False)
[evidence] alaka filtresi: 2 aday elendi (terimler=['whole', 'fruit', 'fiber', 'glycemic', 'response', 'versus'], kalan=22)
[evidence] hibrit yol: pubmed_mesh+europepmc+medlineplus (5 parça)
  [776] batch kuyruğu (force_package_only=False)
[evidence] alaka filtresi: 2 aday elendi (terimler=['frozen', 'fruit', 'nutrient', 'retention', 'glycemic', 'index'], kalan=18)
[evidence] hibrit yol: pubmed_mesh+europepmc+medlineplus (5 parça)
  [785] batch kuyruğu (force_package_only=False)
[evidence] alaka filtresi: 4 aday elendi (terimler=['consistency', 'glycemic', 'control', 'planlanandan', 'yüksek', 'glisemik'], kalan=21)
[evidence] hibrit yol: pubmed+europepmc+medlineplus (5 parça)
[evidence] bileşen haritası: background(kept=5), background(kept=5)
  [786] batch kuyruğu (force_package_only=False)
[evidence] hibrit yol: usda_cache_static (1 parça)
[evidence] epistemic=no_direct_evidence_expected
[evidence] bileşen haritası: background(kept=1), background(kept=1)
  [791] batch kuyruğu (force_package_only=False)
[batch] gönderildi id=msgbatch_01Y5QR4vEa4ub7FjtfwHUNzR n=100 status=in_progress
[batch] kayıt: /Users/zeyne/Desktop/yapay zeka doktorlar/health_misinfo_monitor (1)/data/pending_batches.json

[factcheck] 0 iddia işlendi, 0 iddia hata verdi (tekrar denenecek).
[factcheck] ham reasoning -> /Users/zeyne/Desktop/yapay zeka doktorlar/health_misinfo_monitor (1)/data/factcheck_debug.jsonl
[factcheck] tamamlandı. İnsan onayı bekleyen iddialar human_reviewed=0 ile işaretlendi — auto_accepted=1 yalnızca otomasyon kararını gösterir (bkz. README).
