Warning: You are sending unauthenticated requests to the HF Hub. Please set a HF_TOKEN to enable higher rate limits and faster downloads.
[factcheck] işlenecek iddia sayısı: 100
Loading weights:   0%|          | 0/202 [00:00<?, ?it/s]Loading weights: 100%|██████████| 202/202 [00:00<00:00, 6845.35it/s]
Loading weights:   0%|          | 0/199 [00:00<?, ?it/s]Loading weights: 100%|██████████| 199/199 [00:00<00:00, 6816.27it/s]
[evidence] hibrit yol: pubmed+europepmc+medlineplus (5 parça)
[evidence] supportive — web_search açık, paket öncelikli (tier=supportive)
  [649] batch kuyruğu (force_package_only=False)
[evidence] alaka filtresi: 2 aday elendi (terimler=['seed', 'supplement', 'insomnia', 'elderly', 'tohumun', 'doğru'], kalan=16)
[evidence] hibrit yol: pubmed_mesh+europepmc+medlineplus (5 parça)
[evidence] supportive — web_search açık, paket öncelikli (tier=supportive)
  [807] batch kuyruğu (force_package_only=False)
[evidence] hibrit yol: pubmed_mesh+europepmc+medlineplus (5 parça)
[evidence] supportive — web_search açık, paket öncelikli (tier=supportive)
  [808] batch kuyruğu (force_package_only=False)
[evidence] alaka filtresi: 8 aday elendi (terimler=['nigella', 'sativa', 'sedative', 'mechanism', 'non', 'addictive'], kalan=3)
[evidence] hibrit yol: pubmed_mesh+europepmc (3 parça)
[evidence] supportive — web_search açık, paket öncelikli (tier=supportive)
  [819] batch kuyruğu (force_package_only=False)
[evidence] alaka filtresi: 2 aday elendi (terimler=['nigella', 'sativa', 'seed', 'honey', 'insomnia', 'treatment'], kalan=18)
[evidence] hibrit yol: pubmed_mesh+europepmc (5 parça)
  [825] batch kuyruğu (force_package_only=False)
[evidence] alaka filtresi: 3 aday elendi (terimler=['nigella', 'sativa', 'anticoagulant', 'drug', 'interaction', 'çörek'], kalan=11)
[evidence] hibrit yol: pubmed_mesh+europepmc (5 parça)
[evidence] supportive — web_search açık, paket öncelikli (tier=supportive)
[evidence] bileşen haritası: supportive(kept=5), supportive(kept=5)
  [836] batch kuyruğu (force_package_only=False)
[evidence] alaka filtresi: 5 aday elendi (terimler=['nigella', 'sativa', 'glucose', 'lowering', 'çörek', 'otu'], kalan=25)
[evidence] hibrit yol: pubmed_mesh+europepmc+medlineplus (5 parça)
  [837] batch kuyruğu (force_package_only=False)
[evidence] alaka filtresi: 8 aday elendi (terimler=['facial', 'exercise', 'sagging', 'skin', 'reversal', 'saniyelik'], kalan=10)
[evidence] hibrit yol: pubmed_mesh+europepmc+medlineplus (5 parça)
[evidence] epistemic=no_direct_evidence_expected
  [850] batch kuyruğu (force_package_only=False)
[evidence] alaka filtresi: 4 aday elendi (terimler=['cervical', 'radiculopathy', 'arm', 'tingling', 'numbness', 'weakness'], kalan=25)
[evidence] hibrit yol: pubmed_mesh+europepmc+medlineplus (5 parça)
[evidence] supportive — web_search açık, paket öncelikli (tier=supportive)
  [881] batch kuyruğu (force_package_only=False)
[evidence] alaka filtresi: 6 aday elendi (terimler=['periorbital', 'edema', 'sign', 'işlevlerinde', 'bozulma', 'olduğunda'], kalan=22)
[evidence] hibrit yol: pubmed_mesh+europepmc+medlineplus (5 parça)
  [884] batch kuyruğu (force_package_only=False)
[evidence] alaka filtresi: 1 aday elendi (terimler=['facial', 'massage', 'periorbital', 'edema', 'lymphatic', 'drainage'], kalan=14)
[evidence] hibrit yol: pubmed_mesh+europepmc+medlineplus (5 parça)
  [885] batch kuyruğu (force_package_only=False)
[evidence] alaka filtresi: 1 aday elendi (terimler=['proteinuria', 'periorbital', 'edema', 'acute', 'nephrotic', 'syndrome'], kalan=18)
[evidence] hibrit yol: pubmed_mesh+europepmc (5 parça)
[evidence] bileşen haritası: background(kept=5), background(kept=5)
  [894] batch kuyruğu (force_package_only=False)
[evidence] alaka filtresi: 6 aday elendi (terimler=['facial', 'edema', 'dyspnea', 'leg', 'swelling', 'heart'], kalan=10)
[evidence] hibrit yol: pubmed_mesh+europepmc+medlineplus (5 parça)
  [897] batch kuyruğu (force_package_only=False)
[evidence] alaka filtresi: 2 aday elendi (terimler=['hypothyroidism', 'weight', 'gain', 'eyebrow', 'loss', 'symptoms'], kalan=14)
[evidence] hibrit yol: pubmed_mesh+europepmc+medlineplus (5 parça)
[evidence] supportive — web_search açık, paket öncelikli (tier=supportive)
  [926] batch kuyruğu (force_package_only=False)
[evidence] alaka filtresi: 3 aday elendi (terimler=['cortisol', 'lipolysis', 'enzyme', 'inhibition', 'visceral', 'fat'], kalan=17)
[evidence] hibrit yol: pubmed_mesh+europepmc (5 parça)
[evidence] epistemic=no_direct_evidence_expected
  [941] batch kuyruğu (force_package_only=False)
[evidence] alaka filtresi: 1 aday elendi (terimler=['calorie', 'restriction', 'muscle', 'loss', 'cortisol', 'fat'], kalan=19)
[evidence] hibrit yol: pubmed_mesh+europepmc (5 parça)
  [942] batch kuyruğu (force_package_only=False)
[evidence] alaka filtresi: 8 aday elendi (terimler=['cortisol', 'cycle', 'calorie', 'deficit', 'ineffective', 'kapalı'], kalan=12)
[evidence] hibrit yol: pubmed_mesh+europepmc+medlineplus (5 parça)
[evidence] epistemic=no_direct_evidence_expected
  [949] batch kuyruğu (force_package_only=False)
[evidence] alaka filtresi: 4 aday elendi (terimler=['apple', 'cider', 'vinegar', 'fasting', 'glucose', 'resistance'], kalan=19)
[evidence] hibrit yol: pubmed_mesh+europepmc+medlineplus (5 parça)
[evidence] supportive — web_search açık, paket öncelikli (tier=supportive)
  [970] batch kuyruğu (force_package_only=False)
[evidence] alaka filtresi: 2 aday elendi (terimler=['neck', 'mass', 'thyroid', 'cancer', 'warning', 'signs'], kalan=19)
[evidence] hibrit yol: pubmed_mesh+europepmc+medlineplus (5 parça)
[evidence] supportive — web_search açık, paket öncelikli (tier=supportive)
[evidence] bileşen haritası: background(kept=5), background(kept=5)
  [982] batch kuyruğu (force_package_only=False)
[evidence] alaka filtresi: 8 aday elendi (terimler=['unilateral', 'neck', 'swelling', 'asymmetric', 'warning', 'sign'], kalan=12)
[evidence] hibrit yol: pubmed_mesh+europepmc (5 parça)
  [983] batch kuyruğu (force_package_only=False)
[evidence] alaka filtresi: 3 aday elendi (terimler=['persistent', 'hoarseness', 'laryngeal', 'cancer', 'warning', 'sign'], kalan=16)
[evidence] hibrit yol: pubmed_mesh+europepmc (5 parça)
  [984] batch kuyruğu (force_package_only=False)
[evidence] alaka filtresi: 1 aday elendi (terimler=['dysphagia', 'unexplained', 'weight', 'loss', 'neck', 'mass'], kalan=17)
[evidence] hibrit yol: pubmed_mesh+europepmc (5 parça)
  [985] batch kuyruğu (force_package_only=False)
[evidence] alaka filtresi: 1 aday elendi (terimler=['thyroid', 'nodule', 'neck', 'mass', 'differential', 'diagnosis'], kalan=24)
[evidence] hibrit yol: pubmed+europepmc+medlineplus (5 parça)
  [986] batch kuyruğu (force_package_only=False)
[evidence] alaka filtresi: 3 aday elendi (terimler=['platysma', 'exercise', 'neck', 'lift', 'non', 'surgical'], kalan=8)
[evidence] hibrit yol: pubmed_mesh+europepmc (5 parça)
  [995] batch kuyruğu (force_package_only=False)
[evidence] alaka filtresi: 1 aday elendi (terimler=['isometric', 'neck', 'exercise', 'duration', 'protocol', 'egzersiz'], kalan=19)
[evidence] hibrit yol: pubmed+europepmc (5 parça)
[evidence] bileşen haritası: background(kept=5), background(kept=5)
  [996] batch kuyruğu (force_package_only=False)
[evidence] alaka filtresi: 3 aday elendi (terimler=['neck', 'exercise', 'timeline', 'skin', 'tightening', 'results'], kalan=12)
[evidence] hibrit yol: europepmc+medlineplus (5 parça)
  [998] batch kuyruğu (force_package_only=False)
[evidence] alaka filtresi: 5 aday elendi (terimler=['facial', 'exercise', 'versus', 'facelift', 'surgery', 'outcomes'], kalan=11)
[evidence] hibrit yol: pubmed_mesh+europepmc+medlineplus (5 parça)
[evidence] supportive — web_search açık, paket öncelikli (tier=supportive)
  [1010] batch kuyruğu (force_package_only=False)
[evidence] alaka filtresi: 4 aday elendi (terimler=['facial', 'exercise', 'timeline', 'results', 'weeks', 'egzersiz'], kalan=17)
[evidence] hibrit yol: pubmed_mesh+europepmc+medlineplus (5 parça)
  [1013] batch kuyruğu (force_package_only=False)
[evidence] alaka filtresi: 2 aday elendi (terimler=['gut', 'microbiome', 'hair', 'loss', 'elderly', 'yaşını'], kalan=26)
[evidence] hibrit yol: pubmed_mesh+europepmc (5 parça)
[evidence] strong_match — web_search kapalı (specificity_ok=True)
  [1015] batch kuyruğu (force_package_only=True)
[evidence] alaka filtresi: 1 aday elendi (terimler=['gut', 'microbiota', 'hair', 'thinning', 'mechanism', 'saç'], kalan=19)
[evidence] hibrit yol: pubmed+europepmc (5 parça)
  [1016] batch kuyruğu (force_package_only=False)
[evidence] alaka filtresi: 2 aday elendi (terimler=['fermented', 'drink', 'gut', 'microbiome', 'hair', 'growth'], kalan=18)
[evidence] hibrit yol: pubmed_mesh+europepmc (5 parça)
  [1017] batch kuyruğu (force_package_only=False)
[evidence] alaka filtresi: 1 aday elendi (terimler=['unintentional', 'weight', 'loss', 'hair', 'warning', 'sign'], kalan=21)
[evidence] hibrit yol: pubmed_mesh+europepmc+medlineplus (5 parça)
[evidence] epistemic=no_direct_evidence_expected
[evidence] bileşen haritası: background(kept=5), background(kept=5)
  [1023] batch kuyruğu (force_package_only=False)
[evidence] alaka filtresi: 1 aday elendi (terimler=['hypothyroidism', 'symptoms', 'hair', 'loss', 'facial', 'swelling'], kalan=20)
[evidence] hibrit yol: pubmed_mesh+europepmc+medlineplus (5 parça)
[evidence] supportive — web_search açık, paket öncelikli (tier=supportive)
  [1024] batch kuyruğu (force_package_only=False)
[evidence] alaka filtresi: 4 aday elendi (terimler=['lateral', 'eyebrow', 'thinning', 'thyroid', 'hormone', 'kaşların'], kalan=6)
[evidence] hibrit yol: pubmed_mesh+europepmc (5 parça)
[evidence] supportive — web_search açık, paket öncelikli (tier=supportive)
[evidence] bileşen haritası: supportive(kept=5), supportive(kept=5)
  [1025] batch kuyruğu (force_package_only=False)
[evidence] alaka filtresi: 2 aday elendi (terimler=['ferritin', 'threshold', 'hair', 'loss', 'telogen', 'effluvium'], kalan=10)
[evidence] hibrit yol: pubmed_mesh+europepmc (5 parça)
[evidence] supportive — web_search açık, paket öncelikli (tier=supportive)
  [1038] batch kuyruğu (force_package_only=False)
[evidence] alaka filtresi: 1 aday elendi (terimler=['ferritin', 'hair', 'loss', 'women', 'threshold', 'seviyesi'], kalan=21)
[evidence] hibrit yol: pubmed_mesh+europepmc+medlineplus (5 parça)
[evidence] epistemic=no_direct_evidence_expected
[evidence] bileşen haritası: background(kept=5), background(kept=5)
  [1039] batch kuyruğu (force_package_only=False)
[evidence] hibrit yol: pubmed_mesh+europepmc (5 parça)
[evidence] epistemic=no_direct_evidence_expected
  [1042] batch kuyruğu (force_package_only=False)
[evidence] hibrit yol: pubmed_mesh+europepmc (5 parça)
[evidence] supportive — web_search açık, paket öncelikli (tier=supportive)
  [1061] batch kuyruğu (force_package_only=False)
[evidence] hibrit yol: pubmed_mesh+europepmc+medlineplus (5 parça)
[evidence] strong_match — web_search kapalı (specificity_ok=True)
  [1069] batch kuyruğu (force_package_only=True)
[evidence] hibrit yol: pubmed_mesh+europepmc+medlineplus (5 parça)
  [1070] batch kuyruğu (force_package_only=False)
[evidence] hibrit yol: pubmed_mesh+europepmc (5 parça)
[evidence] epistemic=no_direct_evidence_expected
[evidence] bileşen haritası: background(kept=5), background(kept=5)
  [1091] batch kuyruğu (force_package_only=False)
[evidence] native yetersiz (reason=weak_key_term_match relevance_ok=False quality_ok=False) — Serper
[evidence] Serper yeterli (reason=ok best_tier=guideline)
[evidence] alaka filtresi: 10 aday elendi (terimler=['postprandial', 'blurred', 'vision', 'lens', 'fluid', 'glucose'], kalan=10)
[evidence] hibrit yol: europepmc+serper (5 parça)
  [1107] batch kuyruğu (force_package_only=False)
[evidence] alaka filtresi: 2 aday elendi (terimler=['venous', 'ulcer', 'insufficiency', 'sign', 'ayak', 'bileğine'], kalan=19)
[evidence] hibrit yol: pubmed+europepmc+medlineplus (5 parça)
[evidence] supportive — web_search açık, paket öncelikli (tier=supportive)
  [1116] batch kuyruğu (force_package_only=False)
[evidence] alaka filtresi: 1 aday elendi (terimler=['superficial', 'thrombophlebitis', 'palpable', 'cord', 'symptom', 'damar'], kalan=18)
[evidence] hibrit yol: pubmed+europepmc+medlineplus (5 parça)
  [1117] batch kuyruğu (force_package_only=False)
[evidence] alaka filtresi: 7 aday elendi (terimler=['conservative', 'treatment', 'varicose', 'veins', 'natural', 'remedy'], kalan=13)
[evidence] hibrit yol: pubmed_mesh+europepmc (5 parça)
[evidence] supportive — web_search açık, paket öncelikli (tier=supportive)
[evidence] bileşen haritası: supportive(kept=5), supportive(kept=5)
  [1122] batch kuyruğu (force_package_only=False)
[evidence] alaka filtresi: 2 aday elendi (terimler=['conservative', 'treatment', 'spider', 'veins', 'avoid', 'surgery'], kalan=21)
[evidence] hibrit yol: pubmed_mesh+europepmc (5 parça)
  [1123] batch kuyruğu (force_package_only=False)
[evidence] alaka filtresi: 4 aday elendi (terimler=['timeline', 'symptom', 'improvement', 'conservative', 'varicose', 'vein'], kalan=17)
[evidence] hibrit yol: pubmed_mesh+europepmc+medlineplus (5 parça)
[evidence] bileşen haritası: background(kept=5), background(kept=5), background(kept=5)
  [1139] batch kuyruğu (force_package_only=False)
[evidence] alaka filtresi: 5 aday elendi (terimler=['varicose', 'veins', 'home', 'remedy', 'self', 'treatment'], kalan=9)
[evidence] hibrit yol: europepmc+medlineplus (5 parça)
[evidence] bileşen haritası: background(kept=5), background(kept=4)
  [1148] batch kuyruğu (force_package_only=False)
[evidence] alaka filtresi: 9 aday elendi (terimler=['diuretics', 'ineffective', 'lymphedema', 'elderly', 'yaş', 'üstü'], kalan=1)
[evidence] hibrit yol: europepmc (1 parça)
[evidence] epistemic=no_direct_evidence_expected
  [1153] batch kuyruğu (force_package_only=False)
[evidence] hibrit yol: pubmed_mesh+europepmc+medlineplus (5 parça)
  [1158] batch kuyruğu (force_package_only=False)
[evidence] alaka filtresi: 1 aday elendi (terimler=['bilateral', 'leg', 'edema', 'orthopnea', 'heart', 'failure'], kalan=19)
[evidence] hibrit yol: pubmed+europepmc (5 parça)
[evidence] bileşen haritası: background(kept=5), background(kept=5)
  [1159] batch kuyruğu (force_package_only=False)
[evidence] hibrit yol: pubmed_mesh+europepmc+medlineplus (5 parça)
[evidence] epistemic=no_direct_evidence_expected
  [1160] batch kuyruğu (force_package_only=False)
[evidence] hibrit yol: pubmed_mesh+europepmc+medlineplus (5 parça)
[evidence] epistemic=no_direct_evidence_expected
  [1161] batch kuyruğu (force_package_only=False)
[evidence] alaka filtresi: 1 aday elendi (terimler=['lymphedema', 'cancer', 'treatment', 'lymph', 'node', 'obstruction'], kalan=24)
[evidence] hibrit yol: pubmed+europepmc+medlineplus (5 parça)
[evidence] epistemic=no_direct_evidence_expected
  [1162] batch kuyruğu (force_package_only=False)
[evidence] hibrit yol: europepmc (5 parça)
  [1170] batch kuyruğu (force_package_only=False)
[evidence] alaka filtresi: 1 aday elendi (terimler=['lymphatic', 'drainage', 'exercise', 'edema', 'case', 'improvement'], kalan=22)
[evidence] hibrit yol: pubmed_mesh+europepmc (5 parça)
[evidence] bileşen haritası: background(kept=5), background(kept=5)
  [1194] batch kuyruğu (force_package_only=False)
[evidence] alaka filtresi: 3 aday elendi (terimler=['leg', 'edema', 'misdiagnosis', 'cardiac', 'lymphatic', 'cause'], kalan=20)
[evidence] hibrit yol: pubmed_mesh+europepmc+medlineplus (5 parça)
[evidence] epistemic=no_direct_evidence_expected
  [1195] batch kuyruğu (force_package_only=False)
[evidence] alaka filtresi: 1 aday elendi (terimler=['bilateral', 'leg', 'edema', 'orthopnea', 'heart', 'failure'], kalan=19)
[evidence] hibrit yol: pubmed+europepmc (5 parça)
[evidence] bileşen haritası: background(kept=5), background(kept=5)
  [1208] batch kuyruğu (force_package_only=False)
[evidence] hibrit yol: pubmed_mesh+europepmc+medlineplus (5 parça)
[evidence] epistemic=no_direct_evidence_expected
  [1209] batch kuyruğu (force_package_only=False)
[evidence] hibrit yol: pubmed_mesh+europepmc+medlineplus (5 parça)
[evidence] epistemic=no_direct_evidence_expected
  [1210] batch kuyruğu (force_package_only=False)
[evidence] hibrit yol: pubmed_mesh+europepmc+medlineplus (5 parça)
[evidence] supportive — web_search açık, paket öncelikli (tier=supportive)
[evidence] bileşen haritası: supportive(kept=5), supportive(kept=5)
  [1211] batch kuyruğu (force_package_only=False)
[evidence] alaka filtresi: 10 aday elendi (terimler=['leg', 'edema', 'self', 'massage', 'exercise', 'case'], kalan=8)
[evidence] hibrit yol: pubmed_mesh+europepmc+medlineplus (5 parça)
[evidence] epistemic=no_direct_evidence_expected
[evidence] bileşen haritası: background(kept=5), background(kept=5)
  [1240] batch kuyruğu (force_package_only=False)
[evidence] hibrit yol: pubmed_mesh+europepmc+medlineplus (5 parça)
  [1241] batch kuyruğu (force_package_only=False)
[evidence] alaka filtresi: 1 aday elendi (terimler=['nocturnal', 'muscle', 'catabolism', 'aging', 'sarcopenia', 'bacaklarda'], kalan=18)
[evidence] hibrit yol: pubmed_mesh+europepmc (5 parça)
[evidence] strong_match — web_search kapalı (specificity_ok=True)
  [243] batch kuyruğu (force_package_only=True)
[evidence] hibrit yol: pubmed+europepmc+medlineplus (5 parça)
[evidence] epistemic=no_direct_evidence_expected
  [245] batch kuyruğu (force_package_only=False)
[evidence] hibrit yol: pubmed_mesh+europepmc (5 parça)
[evidence] supportive — web_search açık, paket öncelikli (tier=supportive)
[evidence] bileşen haritası: background(kept=5), background(kept=5)
  [246] batch kuyruğu (force_package_only=False)
[evidence] hibrit yol: pubmed+europepmc+medlineplus (5 parça)
[evidence] bileşen haritası: background(kept=5), background(kept=5)
  [249] batch kuyruğu (force_package_only=False)
[evidence] hibrit yol: pubmed+europepmc+medlineplus (5 parça)
  [250] batch kuyruğu (force_package_only=False)
[evidence] hibrit yol: pubmed_mesh+europepmc (5 parça)
[evidence] supportive — web_search açık, paket öncelikli (tier=supportive)
  [252] batch kuyruğu (force_package_only=False)
[evidence] hibrit yol: pubmed+europepmc (5 parça)
  [254] batch kuyruğu (force_package_only=False)
[evidence] alaka filtresi: 2 aday elendi (terimler=['impaired', 'thirst', 'sensation', 'dehydration', 'elderly', 'yaş'], kalan=20)
[evidence] hibrit yol: pubmed_mesh+europepmc (5 parça)
  [255] batch kuyruğu (force_package_only=False)
[evidence] alaka filtresi: 3 aday elendi (terimler=['vitamin', 'deficiency', 'muscle', 'strength', 'elderly', 'homebound'], kalan=23)
[evidence] hibrit yol: pubmed_mesh+europepmc+medlineplus (5 parça)
[evidence] strong_match — web_search kapalı (specificity_ok=True)
  [257] batch kuyruğu (force_package_only=True)
[evidence] alaka filtresi: 4 aday elendi (terimler=['sarcopenia', 'warning', 'signs', 'symptoms', 'sandalyeden', 'kalkarken'], kalan=13)
[evidence] hibrit yol: pubmed_mesh+europepmc (5 parça)
[evidence] epistemic=no_direct_evidence_expected
  [259] batch kuyruğu (force_package_only=False)
[evidence] alaka filtresi: 2 aday elendi (terimler=['nighttime', 'protein', 'intake', 'resistance', 'exercise', 'walking'], kalan=18)
[evidence] hibrit yol: pubmed_mesh+europepmc (5 parça)
[evidence] supportive — web_search açık, paket öncelikli (tier=supportive)
  [264] batch kuyruğu (force_package_only=False)
[evidence] alaka filtresi: 2 aday elendi (terimler=['bedtime', 'casein', 'protein', 'muscle', 'loss', 'elderly'], kalan=11)
[evidence] hibrit yol: pubmed_mesh+europepmc (5 parça)
  [265] batch kuyruğu (force_package_only=False)
[evidence] hibrit yol: pubmed_mesh+europepmc+medlineplus (5 parça)
[evidence] supportive — web_search açık, paket öncelikli (tier=supportive)
  [266] batch kuyruğu (force_package_only=False)
[evidence] alaka filtresi: 1 aday elendi (terimler=['cerebral', 'flow', 'decline', 'aging', 'yaşından', 'beyne'], kalan=24)
[evidence] hibrit yol: pubmed+europepmc+medlineplus (5 parça)
  [347] batch kuyruğu (force_package_only=False)
[evidence] alaka filtresi: 5 aday elendi (terimler=['beetroot', 'beet', 'pancar', 'juice', 'cerebral', 'flow'], kalan=20)
[evidence] hibrit yol: pubmed_mesh+europepmc+medlineplus (5 parça)
[evidence] supportive — web_search açık, paket öncelikli (tier=supportive)
  [348] batch kuyruğu (force_package_only=False)
[evidence] hibrit yol: pubmed+europepmc (5 parça)
[evidence] supportive — web_search açık, paket öncelikli (tier=supportive)
[evidence] bileşen haritası: background(kept=5), background(kept=5)
  [351] batch kuyruğu (force_package_only=False)
[evidence] alaka filtresi: 8 aday elendi (terimler=['verona', 'university', 'cerebral', 'flow', 'memory', 'decline'], kalan=17)
[evidence] hibrit yol: pubmed_mesh+europepmc+medlineplus (5 parça)
[evidence] epistemic=no_direct_evidence_expected
  [352] batch kuyruğu (force_package_only=False)
[evidence] alaka filtresi: 3 aday elendi (terimler=['nitric', 'oxide', 'deficiency', 'cognitive', 'decline', 'yılındaki'], kalan=18)
[evidence] hibrit yol: pubmed_mesh+europepmc+medlineplus (5 parça)
  [353] batch kuyruğu (force_package_only=False)
[evidence] hibrit yol: pubmed_mesh+europepmc (4 parça)
[evidence] bileşen haritası: background(kept=4), background(kept=4)
  [358] batch kuyruğu (force_package_only=False)
[evidence] alaka filtresi: 6 aday elendi (terimler=['beetroot', 'beet', 'pancar', 'juice', 'two', 'days'], kalan=19)
[evidence] hibrit yol: pubmed_mesh+europepmc+medlineplus (5 parça)
[evidence] bileşen haritası: supportive(kept=5), supportive(kept=5)
  [361] batch kuyruğu (force_package_only=False)
[evidence] hibrit yol: pubmed_mesh+europepmc (5 parça)
[evidence] supportive — web_search açık, paket öncelikli (tier=supportive)
[evidence] bileşen haritası: direct(kept=5), supportive(kept=5)
  [365] batch kuyruğu (force_package_only=False)
[evidence] alaka filtresi: 2 aday elendi (terimler=['betalain', 'neuroinflammation', 'myelin', 'protection', 'pancardaki', 'pigmentleri'], kalan=1)
[evidence] hibrit yol: europepmc (1 parça)
[evidence] supportive — web_search açık, paket öncelikli (tier=supportive)
  [366] batch kuyruğu (force_package_only=False)
[evidence] alaka filtresi: 3 aday elendi (terimler=['beetroot', 'beet', 'pancar', 'juice', 'exercise', 'older'], kalan=11)
[evidence] hibrit yol: pubmed_mesh+europepmc (5 parça)
[evidence] epistemic=no_direct_evidence_expected
  [367] batch kuyruğu (force_package_only=False)
[evidence] alaka filtresi: 5 aday elendi (terimler=['raw', 'beetroot', 'beet', 'pancar', 'weeks', 'elderly'], kalan=7)
[evidence] hibrit yol: pubmed_mesh+europepmc (5 parça)
[evidence] supportive — web_search açık, paket öncelikli (tier=supportive)
  [369] batch kuyruğu (force_package_only=False)
[evidence] alaka filtresi: 8 aday elendi (terimler=['beetroot', 'beet', 'pancar', 'intake', 'days', 'cerebral'], kalan=9)
[evidence] hibrit yol: pubmed_mesh+europepmc+medlineplus (5 parça)
  [370] batch kuyruğu (force_package_only=False)
[evidence] alaka filtresi: 9 aday elendi (terimler=['beetroot', 'beet', 'pancar', 'cerebral', 'flow', 'memory'], kalan=15)
[evidence] hibrit yol: pubmed_mesh+europepmc+medlineplus (5 parça)
[evidence] supportive — web_search açık, paket öncelikli (tier=supportive)
  [371] batch kuyruğu (force_package_only=False)
[evidence] alaka filtresi: 3 aday elendi (terimler=['mouthwash', 'oral', 'bacteria', 'nitrate', 'florürlü', 'hafif'], kalan=22)
[evidence] hibrit yol: pubmed+europepmc+medlineplus (5 parça)
[evidence] supportive — web_search açık, paket öncelikli (tier=supportive)
  [375] batch kuyruğu (force_package_only=False)
[evidence] hibrit yol: pubmed_mesh+europepmc (5 parça)
[evidence] epistemic=no_direct_evidence_expected
  [376] batch kuyruğu (force_package_only=False)
[evidence] alaka filtresi: 1 aday elendi (terimler=['vitamin', 'nitrate', 'absorption', 'bioavailability', 'pancarın', 'yararlı'], kalan=20)
[evidence] hibrit yol: pubmed_mesh+europepmc+medlineplus (5 parça)
[evidence] supportive — web_search açık, paket öncelikli (tier=supportive)
  [378] batch kuyruğu (force_package_only=False)
[evidence] hibrit yol: pubmed+europepmc (5 parça)
  [611] batch kuyruğu (force_package_only=False)
[evidence] hibrit yol: pubmed+europepmc (5 parça)
[evidence] strong_match — web_search kapalı (specificity_ok=True)
  [612] batch kuyruğu (force_package_only=True)
[evidence] alaka filtresi: 6 aday elendi (terimler=['case', 'report', 'nail', 'sign', 'parkinson', 'diagnosis'], kalan=17)
[evidence] hibrit yol: pubmed_mesh+europepmc+medlineplus (5 parça)
  [615] batch kuyruğu (force_package_only=False)
[evidence] alaka filtresi: 6 aday elendi (terimler=['uremic', 'toxicity', 'nail', 'matrix', 'growth', 'filtreleme'], kalan=4)
[evidence] hibrit yol: europepmc (4 parça)
[evidence] bileşen haritası: background(kept=4), background(kept=4)
  [618] batch kuyruğu (force_package_only=False)
[evidence] alaka filtresi: 1 aday elendi (terimler=['case', 'report', 'beau', 'lines', 'gfr', 'glomerular'], kalan=8)
[evidence] hibrit yol: pubmed_mesh+medlineplus (5 parça)
[evidence] supportive — web_search açık, paket öncelikli (tier=supportive)
  [620] batch kuyruğu (force_package_only=False)
[evidence] alaka filtresi: 7 aday elendi (terimler=['creatinine', 'gfr', 'glomerular', 'filtration', 'metabolic', 'panel'], kalan=18)
[evidence] hibrit yol: pubmed_mesh+europepmc+medlineplus (5 parça)
  [621] batch kuyruğu (force_package_only=False)
[evidence] alaka filtresi: 4 aday elendi (terimler=['iron', 'deficiency', 'nail', 'signs', 'neurological', 'demir'], kalan=16)
[evidence] hibrit yol: pubmed_mesh+europepmc+medlineplus (5 parça)
  [622] batch kuyruğu (force_package_only=False)
[evidence] hibrit yol: pubmed_mesh+europepmc (5 parça)
[evidence] supportive — web_search açık, paket öncelikli (tier=supportive)
  [624] batch kuyruğu (force_package_only=False)
[batch] gönderildi id=msgbatch_01F28QrvWYa7S8GwjHwk1aZh n=100 status=in_progress
[batch] kayıt: /Users/zeyne/Desktop/yapay zeka doktorlar/health_misinfo_monitor (1)/data/pending_batches.json

[factcheck] 0 iddia işlendi, 0 iddia hata verdi (tekrar denenecek).
[factcheck] ham reasoning -> /Users/zeyne/Desktop/yapay zeka doktorlar/health_misinfo_monitor (1)/data/factcheck_debug.jsonl
[factcheck] tamamlandı. İnsan onayı bekleyen iddialar human_reviewed=0 ile işaretlendi — auto_accepted=1 yalnızca otomasyon kararını gösterir (bkz. README).
