[factcheck] işlenecek iddia sayısı: 154
[evidence] hibrit yol: usda_cache_static (1 parça)
Warning: You are sending unauthenticated requests to the HF Hub. Please set a HF_TOKEN to enable higher rate limits and faster downloads.
Loading weights:   0%|          | 0/202 [00:00<?, ?it/s]Loading weights: 100%|██████████| 202/202 [00:00<00:00, 6601.50it/s]
[evidence] epistemic=no_direct_evidence_expected
  [792] batch kuyruğu (force_package_only=False)
Loading weights:   0%|          | 0/199 [00:00<?, ?it/s]Loading weights: 100%|██████████| 199/199 [00:00<00:00, 7709.83it/s]
[evidence] alaka filtresi: 6 aday elendi (terimler=['strawberry', 'anthocyanin', 'glycemic', 'load', 'çilek', 'damarları'], kalan=5)
[evidence] hibrit yol: pubmed_mesh+europepmc (5 parça)
[evidence] strong_match — web_search kapalı (specificity_ok=True)
[evidence] bileşen haritası: supportive(kept=5), direct(kept=5)
  [793] batch kuyruğu (force_package_only=True)
[evidence] alaka filtresi: 7 aday elendi (terimler=['avocado', 'glycemic', 'index', 'calorie', 'avokadonun', 'şekerine'], kalan=8)
[evidence] hibrit yol: europepmc+medlineplus (5 parça)
[evidence] epistemic=no_direct_evidence_expected
  [794] batch kuyruğu (force_package_only=False)
[evidence] alaka filtresi: 1 aday elendi (terimler=['pear', 'peel', 'pectin', 'fiber', 'armut', 'kabuğuyla'], kalan=14)
[evidence] hibrit yol: europepmc+medlineplus (5 parça)
  [795] batch kuyruğu (force_package_only=False)
[evidence] alaka filtresi: 4 aday elendi (terimler=['apple', 'antioxidants', 'glycemic', 'response', 'elma', 'glisemik'], kalan=12)
[evidence] hibrit yol: pubmed_mesh+europepmc (5 parça)
[evidence] supportive — web_search açık, paket öncelikli (tier=supportive)
  [796] batch kuyruğu (force_package_only=False)
[evidence] alaka filtresi: 6 aday elendi (terimler=['kiwi', 'kiwifruit', 'actinidin', 'kivi', 'fruit', 'tansiyon'], kalan=15)
[evidence] hibrit yol: pubmed_mesh+europepmc+medlineplus (5 parça)
  [797] batch kuyruğu (force_package_only=False)
[evidence] hibrit yol: pubmed+europepmc (5 parça)
  [799] batch kuyruğu (force_package_only=False)
[evidence] alaka filtresi: 1 aday elendi (terimler=['aging', 'melatonin', 'production', 'decline', 'yaşından', 'vücudun'], kalan=20)
[evidence] hibrit yol: pubmed+europepmc+medlineplus (5 parça)
  [809] batch kuyruğu (force_package_only=False)
[evidence] alaka filtresi: 1 aday elendi (terimler=['melatonin', 'body', 'temperature', 'cortisol', 'sleep', 'onset'], kalan=21)
[evidence] hibrit yol: pubmed+europepmc+medlineplus (5 parça)
[evidence] strong_match — web_search kapalı (specificity_ok=True)
  [811] batch kuyruğu (force_package_only=True)
[evidence] alaka filtresi: 6 aday elendi (terimler=['nigella', 'sativa', 'tryptophan', 'çörek', 'otu', 'mutluluk'], kalan=4)
[evidence] hibrit yol: europepmc (4 parça)
  [820] batch kuyruğu (force_package_only=False)
[evidence] alaka filtresi: 1 aday elendi (terimler=['nigella', 'sativa', 'magnesium', 'bioavailability', 'çörek', 'otu'], kalan=9)
[evidence] hibrit yol: pubmed_mesh+europepmc (5 parça)
  [821] batch kuyruğu (force_package_only=False)
[evidence] alaka filtresi: 2 aday elendi (terimler=['warm', 'autonomic', 'nervous', 'system', 'relaxation', 'çörek'], kalan=25)
[evidence] hibrit yol: pubmed_mesh+europepmc+medlineplus (5 parça)
[evidence] supportive — web_search açık, paket öncelikli (tier=supportive)
  [831] batch kuyruğu (force_package_only=False)
[evidence] alaka filtresi: 6 aday elendi (terimler=['raw', 'versus', 'roasted', 'nigella', 'sativa', 'seed'], kalan=4)
[evidence] hibrit yol: europepmc (4 parça)
[evidence] epistemic=no_direct_evidence_expected
  [832] batch kuyruğu (force_package_only=False)
[evidence] alaka filtresi: 5 aday elendi (terimler=['warm', 'ingestion', 'sleep', 'relaxation', 'uykudan', 'önce'], kalan=10)
[evidence] hibrit yol: europepmc+medlineplus (5 parça)
  [833] batch kuyruğu (force_package_only=False)
[evidence] alaka filtresi: 1 aday elendi (terimler=['cold', 'ingestion', 'sympathetic', 'nervous', 'system', 'soğuk'], kalan=22)
[evidence] hibrit yol: pubmed_mesh+europepmc+medlineplus (5 parça)
  [834] batch kuyruğu (force_package_only=False)
[evidence] hibrit yol: pubmed_mesh+europepmc (5 parça)
[evidence] supportive — web_search açık, paket öncelikli (tier=supportive)
[evidence] bileşen haritası: supportive(kept=5), supportive(kept=5)
  [835] batch kuyruğu (force_package_only=False)
[evidence] hibrit yol: pubmed_mesh+europepmc+medlineplus (5 parça)
  [839] batch kuyruğu (force_package_only=False)
[evidence] alaka filtresi: 1 aday elendi (terimler=['morning', 'light', 'exposure', 'melatonin', 'onset', 'timing'], kalan=23)
[evidence] hibrit yol: pubmed_mesh+europepmc+medlineplus (5 parça)
  [840] batch kuyruğu (force_package_only=False)
[evidence] hibrit yol: pubmed_mesh+europepmc+medlineplus (5 parça)
  [841] batch kuyruğu (force_package_only=False)
[evidence] alaka filtresi: 1 aday elendi (terimler=['aging', 'caffeine', 'metabolism', 'liver', 'clearance', 'yaş'], kalan=24)
[evidence] hibrit yol: pubmed+europepmc+medlineplus (5 parça)
  [842] batch kuyruğu (force_package_only=False)
[evidence] alaka filtresi: 4 aday elendi (terimler=['heavy', 'meal', 'before', 'bedtime', 'sleep', 'onset'], kalan=8)
[evidence] hibrit yol: europepmc+medlineplus (5 parça)
[evidence] supportive — web_search açık, paket öncelikli (tier=supportive)
  [843] batch kuyruğu (force_package_only=False)
[evidence] hibrit yol: pubmed_mesh+europepmc+medlineplus (5 parça)
  [845] batch kuyruğu (force_package_only=False)
[evidence] alaka filtresi: 1 aday elendi (terimler=['alcohol', 'consumption', 'deep', 'sleep', 'architecture', 'disruption'], kalan=29)
[evidence] hibrit yol: pubmed_mesh+europepmc+medlineplus (5 parça)
[evidence] supportive — web_search açık, paket öncelikli (tier=supportive)
  [847] batch kuyruğu (force_package_only=False)
[evidence] alaka filtresi: 1 aday elendi (terimler=['collagen', 'collagenous', 'kolajen', 'kolagen', 'production', 'decline'], kalan=19)
[evidence] hibrit yol: pubmed+europepmc (5 parça)
[evidence] epistemic=no_direct_evidence_expected
  [851] batch kuyruğu (force_package_only=False)
[evidence] hibrit yol: pubmed+europepmc (5 parça)
  [858] batch kuyruğu (force_package_only=False)
[evidence] alaka filtresi: 1 aday elendi (terimler=['forward', 'head', 'posture', 'facial', 'sagging', 'servikal'], kalan=19)
[evidence] hibrit yol: pubmed_mesh+europepmc (5 parça)
[evidence] bileşen haritası: background(kept=5), background(kept=5)
  [861] batch kuyruğu (force_package_only=False)
[evidence] alaka filtresi: 4 aday elendi (terimler=['fascia', 'remodeling', 'mechanical', 'load', 'facial', 'sagging'], kalan=12)
[evidence] hibrit yol: pubmed_mesh+europepmc (5 parça)
  [864] batch kuyruğu (force_package_only=False)
[evidence] hibrit yol: pubmed+europepmc+medlineplus (5 parça)
[evidence] epistemic=no_direct_evidence_expected
[evidence] bileşen haritası: background(kept=5), background(kept=5)
  [867] batch kuyruğu (force_package_only=False)
[evidence] alaka filtresi: 3 aday elendi (terimler=['facial', 'exercise', 'effectiveness', 'skin', 'sagging', 'yüz'], kalan=23)
[evidence] hibrit yol: pubmed_mesh+europepmc+medlineplus (5 parça)
  [868] batch kuyruğu (force_package_only=False)
[evidence] alaka filtresi: 2 aday elendi (terimler=['oral', 'collagen', 'collagenous', 'kolajen', 'kolagen', 'supplementation'], kalan=22)
[evidence] hibrit yol: pubmed+europepmc+medlineplus (5 parça)
[evidence] epistemic=no_direct_evidence_expected
  [870] batch kuyruğu (force_package_only=False)
[evidence] alaka filtresi: 1 aday elendi (terimler=['wall', 'test', 'posture', 'exercise', 'short', 'term'], kalan=26)
[evidence] hibrit yol: pubmed_mesh+europepmc+medlineplus (5 parça)
  [877] batch kuyruğu (force_package_only=False)
[evidence] alaka filtresi: 2 aday elendi (terimler=['periorbital', 'edema', 'aging', 'pathophysiology', 'yaşındakilerde', 'gözaltı'], kalan=12)
[evidence] hibrit yol: pubmed_mesh+europepmc (5 parça)
[evidence] epistemic=no_direct_evidence_expected
  [886] batch kuyruğu (force_package_only=False)
[evidence] alaka filtresi: 4 aday elendi (terimler=['periorbital', 'skin', 'thin', 'structure', 'fluid', 'retention'], kalan=18)
[evidence] hibrit yol: pubmed_mesh+europepmc+medlineplus (5 parça)
[evidence] bileşen haritası: supportive(kept=5), background(kept=5)
  [887] batch kuyruğu (force_package_only=False)
[evidence] alaka filtresi: 4 aday elendi (terimler=['daily', 'volume', 'böbrekler', 'her', 'gün', 'yaklaşık'], kalan=42)
[evidence] topic_cache: 25 aday (topic_key=gfr)
[evidence] hibrit yol: topic_cache+pubmed_mesh+europepmc+medlineplus (5 parça)
[evidence] bileşen haritası: background(kept=5), background(kept=2)
  [888] batch kuyruğu (force_package_only=False)
[evidence] alaka filtresi: 3 aday elendi (terimler=['facial', 'lymphatic', 'drainage', 'aging', 'periorbital', 'edema'], kalan=13)
[evidence] hibrit yol: pubmed_mesh+europepmc+medlineplus (5 parça)
[evidence] supportive — web_search açık, paket öncelikli (tier=supportive)
  [892] batch kuyruğu (force_package_only=False)
[evidence] alaka filtresi: 3 aday elendi (terimler=['facial', 'movement', 'mechanical', 'lymphatic', 'pumping', 'çene'], kalan=14)
[evidence] hibrit yol: pubmed_mesh+europepmc+medlineplus (5 parça)
  [893] batch kuyruğu (force_package_only=False)
[evidence] alaka filtresi: 2 aday elendi (terimler=['facial', 'lymph', 'node', 'massage', 'lymphatic', 'drainage'], kalan=16)
[evidence] hibrit yol: pubmed_mesh+europepmc+medlineplus (5 parça)
[evidence] strong_match — web_search kapalı (specificity_ok=True)
[evidence] bileşen haritası: direct(kept=5), direct(kept=5)
  [900] batch kuyruğu (force_package_only=True)
[evidence] alaka filtresi: 2 aday elendi (terimler=['dehydration', 'lymphatic', 'fluid', 'viscosity', 'edema', 'gün'], kalan=10)
[evidence] hibrit yol: pubmed_mesh+europepmc+medlineplus (5 parça)
  [903] batch kuyruğu (force_package_only=False)
[evidence] alaka filtresi: 4 aday elendi (terimler=['fluid', 'intake', 'timing', 'periorbital', 'edema', 'prevention'], kalan=6)
[evidence] hibrit yol: europepmc (5 parça)
  [904] batch kuyruğu (force_package_only=False)
[evidence] alaka filtresi: 20 aday elendi (terimler=['cucumber', 'salatalık', 'salatalik', 'potassium', 'potasyum', 'silica'], kalan=7)
[evidence] topic_cache: 17 aday (topic_key=potasyum,salatalık)
[evidence] hibrit yol: topic_cache+europepmc+medlineplus (5 parça)
[evidence] bileşen haritası: background(kept=5), background(kept=5)
  [907] batch kuyruğu (force_package_only=False)
[evidence] alaka filtresi: 6 aday elendi (terimler=['cucumber', 'salatalık', 'salatalik', 'intake', 'edema', 'haftada'], kalan=4)
[evidence] hibrit yol: europepmc (4 parça)
[evidence] supportive — web_search açık, paket öncelikli (tier=supportive)
  [908] batch kuyruğu (force_package_only=False)
[evidence] alaka filtresi: 8 aday elendi (terimler=['berries', 'daily', 'consumption', 'periorbital', 'edema', 'her'], kalan=7)
[evidence] hibrit yol: europepmc+medlineplus (5 parça)
[evidence] epistemic=no_direct_evidence_expected
  [910] batch kuyruğu (force_package_only=False)
[evidence] alaka filtresi: 3 aday elendi (terimler=['periorbital', 'lymphatic', 'drainage', 'pathway', 'gözaltı', 'bölgesindeki'], kalan=9)
[evidence] hibrit yol: pubmed_mesh+europepmc (5 parça)
  [913] batch kuyruğu (force_package_only=False)
[evidence] alaka filtresi: 2 aday elendi (terimler=['neck', 'exercise', 'lymphatic', 'flow', 'stimulation', 'günde'], kalan=19)
[evidence] hibrit yol: pubmed_mesh+europepmc+medlineplus (5 parça)
  [916] batch kuyruğu (force_package_only=False)
[evidence] alaka filtresi: 7 aday elendi (terimler=['evening', 'fluid', 'restriction', 'periorbital', 'edema', 'yatmadan'], kalan=3)
[evidence] hibrit yol: europepmc (3 parça)
  [917] batch kuyruğu (force_package_only=False)
[evidence] alaka filtresi: 5 aday elendi (terimler=['sodium', 'periorbital', 'edema', 'akşam', 'yemeğinde', 'işlenmiş'], kalan=11)
[evidence] hibrit yol: pubmed_mesh+europepmc+medlineplus (5 parça)
[evidence] epistemic=no_direct_evidence_expected
[evidence] bileşen haritası: background(kept=5), background(kept=5)
  [918] batch kuyruğu (force_package_only=False)
[evidence] hibrit yol: pubmed+europepmc+medlineplus (5 parça)
[evidence] supportive — web_search açık, paket öncelikli (tier=supportive)
  [929] batch kuyruğu (force_package_only=False)
[evidence] alaka filtresi: 1 aday elendi (terimler=['cortisol', 'recovery', 'time', 'acute', 'stress', 'young'], kalan=19)
[evidence] hibrit yol: pubmed+europepmc (5 parça)
  [930] batch kuyruğu (force_package_only=False)
[evidence] hibrit yol: pubmed_mesh+europepmc (5 parça)
  [934] batch kuyruğu (force_package_only=False)
[evidence] alaka filtresi: 5 aday elendi (terimler=['visceral', 'fat', 'endocrine', 'organ', 'inflammation', 'visseral'], kalan=15)
[evidence] hibrit yol: pubmed+europepmc (5 parça)
[evidence] strong_match — web_search kapalı (specificity_ok=True)
  [935] batch kuyruğu (force_package_only=True)
[evidence] alaka filtresi: 1 aday elendi (terimler=['cortisol', 'signaling', 'visceral', 'fat', 'storage', 'kortizol'], kalan=19)
[evidence] hibrit yol: pubmed_mesh+europepmc (5 parça)
  [939] batch kuyruğu (force_package_only=False)
[evidence] alaka filtresi: 1 aday elendi (terimler=['screen', 'light', 'nighttime', 'sympathetic', 'activation', 'cortisol'], kalan=17)
[evidence] hibrit yol: pubmed_mesh+europepmc+medlineplus (5 parça)
  [958] batch kuyruğu (force_package_only=False)
[evidence] alaka filtresi: 3 aday elendi (terimler=['meal', 'sequencing', 'fat', 'protein', 'carbohydrate', 'response'], kalan=22)
[evidence] hibrit yol: pubmed_mesh+europepmc+medlineplus (5 parça)
[evidence] strong_match — web_search kapalı (specificity_ok=True)
  [960] batch kuyruğu (force_package_only=True)
[evidence] alaka filtresi: 2 aday elendi (terimler=['morning', 'sunlight', 'exposure', 'cortisol', 'circadian', 'rhythm'], kalan=15)
[evidence] hibrit yol: pubmed_mesh+europepmc+medlineplus (5 parça)
[evidence] supportive — web_search açık, paket öncelikli (tier=supportive)
  [963] batch kuyruğu (force_package_only=False)
[evidence] hibrit yol: pubmed_mesh+europepmc (5 parça)
[evidence] epistemic=no_direct_evidence_expected
[evidence] bileşen haritası: background(kept=5), background(kept=5)
  [968] batch kuyruğu (force_package_only=False)
[evidence] hibrit yol: pubmed_mesh+europepmc+medlineplus (5 parça)
[evidence] supportive — web_search açık, paket öncelikli (tier=supportive)
  [972] batch kuyruğu (force_package_only=False)
[evidence] alaka filtresi: 1 aday elendi (terimler=['age', 'resistance', 'cortisol', 'sleep', 'architecture', 'kişinin'], kalan=25)
[evidence] hibrit yol: pubmed_mesh+europepmc+medlineplus (5 parça)
[evidence] supportive — web_search açık, paket öncelikli (tier=supportive)
  [973] batch kuyruğu (force_package_only=False)
[evidence] alaka filtresi: 1 aday elendi (terimler=['platysma', 'muscle', 'weakness', 'neck', 'skin', 'sagging'], kalan=18)
[evidence] hibrit yol: pubmed_mesh+europepmc (5 parça)
[evidence] epistemic=no_direct_evidence_expected
[evidence] bileşen haritası: background(kept=5), background(kept=5)
  [976] batch kuyruğu (force_package_only=False)
[evidence] alaka filtresi: 3 aday elendi (terimler=['topical', 'cream', 'muscle', 'tightening', 'efficacy', 'hiçbir'], kalan=10)
[evidence] hibrit yol: pubmed_mesh+europepmc+medlineplus (5 parça)
[evidence] epistemic=no_direct_evidence_expected
  [979] batch kuyruğu (force_package_only=False)
[evidence] hibrit yol: pubmed+europepmc (5 parça)
[evidence] epistemic=no_direct_evidence_expected
[evidence] bileşen haritası: background(kept=5), background(kept=5)
  [987] batch kuyruğu (force_package_only=False)
[evidence] alaka filtresi: 5 aday elendi (terimler=['platysma', 'muscle', 'disuse', 'atrophy', 'platizma', 'kası'], kalan=5)
[evidence] hibrit yol: europepmc (5 parça)
  [988] batch kuyruğu (force_package_only=False)
[evidence] hibrit yol: pubmed_mesh+europepmc (5 parça)
  [989] batch kuyruğu (force_package_only=False)
[evidence] alaka filtresi: 1 aday elendi (terimler=['hyoid', 'bone', 'suspension', 'muscles', 'neck', 'contour'], kalan=20)
[evidence] hibrit yol: pubmed_mesh+europepmc (5 parça)
[evidence] bileşen haritası: background(kept=5), background(kept=5)
  [990] batch kuyruğu (force_package_only=False)
[evidence] alaka filtresi: 4 aday elendi (terimler=['platysma', 'muscle', 'neck', 'sagging', 'posture', 'yanlış'], kalan=17)
[evidence] hibrit yol: pubmed_mesh+europepmc (5 parça)
  [993] batch kuyruğu (force_package_only=False)
[evidence] alaka filtresi: 2 aday elendi (terimler=['skin', 'dermal', 'elasticity', 'dehydration', 'hafif', 'susuzluk'], kalan=23)
[evidence] hibrit yol: pubmed_mesh+europepmc+medlineplus (5 parça)
[evidence] strong_match — web_search kapalı (specificity_ok=True)
  [1002] batch kuyruğu (force_package_only=True)
[evidence] alaka filtresi: 1 aday elendi (terimler=['aging', 'thirst', 'sensation', 'reduced', 'older', 'adults'], kalan=20)
[evidence] hibrit yol: pubmed_mesh+europepmc+medlineplus (5 parça)
[evidence] strong_match — web_search kapalı (specificity_ok=True)
  [1003] batch kuyruğu (force_package_only=True)
[evidence] alaka filtresi: 10 aday elendi (terimler=['tech', 'neck', 'skin', 'creasing', 'forward', 'head'], kalan=1)
[evidence] hibrit yol: pubmed_mesh+europepmc (1 parça)
[evidence] epistemic=no_direct_evidence_expected
  [1004] batch kuyruğu (force_package_only=False)
[evidence] alaka filtresi: 10 aday elendi (terimler=['neck', 'skin', 'creasing', 'posture', 'mechanism', 'boyun'], kalan=5)
[evidence] hibrit yol: europepmc+medlineplus (5 parça)
[evidence] epistemic=no_direct_evidence_expected
  [1007] batch kuyruğu (force_package_only=False)
[evidence] hibrit yol: pubmed_mesh+europepmc (5 parça)
  [1018] batch kuyruğu (force_package_only=False)
[evidence] hibrit yol: pubmed+europepmc (5 parça)
[evidence] supportive — web_search açık, paket öncelikli (tier=supportive)
[evidence] bileşen haritası: supportive(kept=5), supportive(kept=5)
  [1029] batch kuyruğu (force_package_only=False)
[evidence] hibrit yol: pubmed_mesh+europepmc (5 parça)
  [1035] batch kuyruğu (force_package_only=False)
[evidence] alaka filtresi: 1 aday elendi (terimler=['keratin', 'amino', 'acid', 'composition', 'cysteine', 'lysine'], kalan=19)
[evidence] hibrit yol: pubmed_mesh+europepmc (5 parça)
  [1044] batch kuyruğu (force_package_only=False)
[evidence] alaka filtresi: 1 aday elendi (terimler=['breathing', 'technique', 'cortisol', 'stress', 'nefes', 'tekniği'], kalan=24)
[evidence] hibrit yol: pubmed_mesh+europepmc+medlineplus (5 parça)
  [1049] batch kuyruğu (force_package_only=False)
[evidence] alaka filtresi: 2 aday elendi (terimler=['vagus', 'nerve', 'stimulation', 'breathing', 'heart', 'nefes'], kalan=23)
[evidence] hibrit yol: pubmed+europepmc+medlineplus (5 parça)
[evidence] supportive — web_search açık, paket öncelikli (tier=supportive)
[evidence] bileşen haritası: supportive(kept=5), background(kept=5)
  [1050] batch kuyruğu (force_package_only=False)
[evidence] alaka filtresi: 6 aday elendi (terimler=['lemon', 'morning', 'bile', 'production', 'digestion', 'sabah'], kalan=5)
[evidence] hibrit yol: europepmc+medlineplus (5 parça)
[evidence] supportive — web_search açık, paket öncelikli (tier=supportive)
  [1051] batch kuyruğu (force_package_only=False)
[evidence] hibrit yol: pubmed_mesh+europepmc+medlineplus (5 parça)
[evidence] supportive — web_search açık, paket öncelikli (tier=supportive)
  [1053] batch kuyruğu (force_package_only=False)
[evidence] alaka filtresi: 7 aday elendi (terimler=['pumpkin', 'seeds', 'tomato', 'domates', 'tomatoes', 'paste'], kalan=3)
[evidence] hibrit yol: europepmc (3 parça)
[evidence] supportive — web_search açık, paket öncelikli (tier=supportive)
  [1054] batch kuyruğu (force_package_only=False)
[evidence] hibrit yol: pubmed+europepmc (5 parça)
  [1055] batch kuyruğu (force_package_only=False)
[evidence] alaka filtresi: 2 aday elendi (terimler=['beef', 'liver', 'heme', 'iron', 'absorption', 'vitamin'], kalan=22)
[evidence] hibrit yol: pubmed_mesh+europepmc+medlineplus (5 parça)
[evidence] epistemic=no_direct_evidence_expected
  [1056] batch kuyruğu (force_package_only=False)
[evidence] hibrit yol: pubmed_mesh+europepmc (5 parça)
[evidence] strong_match — web_search kapalı (specificity_ok=True)
  [1057] batch kuyruğu (force_package_only=True)
[evidence] alaka filtresi: 1 aday elendi (terimler=['kefir', 'probiotic', 'sleep', 'quality', 'yatmadan', 'önce'], kalan=9)
[evidence] hibrit yol: pubmed_mesh+europepmc (5 parça)
  [1058] batch kuyruğu (force_package_only=False)
[evidence] alaka filtresi: 3 aday elendi (terimler=['glasses', 'correction', 'versus', 'underlying', 'cause', 'vision'], kalan=10)
[evidence] hibrit yol: pubmed_mesh+europepmc+medlineplus (5 parça)
[evidence] epistemic=no_direct_evidence_expected
  [1065] batch kuyruğu (force_package_only=False)
[evidence] alaka filtresi: 1 aday elendi (terimler=['retina', 'oxygen', 'consumption', 'metabolic', 'gram', 'başına'], kalan=19)
[evidence] hibrit yol: pubmed+europepmc (5 parça)
[evidence] supportive — web_search açık, paket öncelikli (tier=supportive)
  [1068] batch kuyruğu (force_package_only=False)
[evidence] alaka filtresi: 2 aday elendi (terimler=['lens', 'avascular', 'nutrient', 'supply', 'aqueous', 'humor'], kalan=11)
[evidence] hibrit yol: pubmed_mesh+europepmc (5 parça)
[evidence] epistemic=no_direct_evidence_expected
  [1074] batch kuyruğu (force_package_only=False)
[evidence] hibrit yol: pubmed+europepmc (5 parça)
  [1083] batch kuyruğu (force_package_only=False)
[evidence] hibrit yol: pubmed+europepmc+medlineplus (5 parça)
[evidence] epistemic=no_direct_evidence_expected
  [1088] batch kuyruğu (force_package_only=False)
[evidence] alaka filtresi: 2 aday elendi (terimler=['cooked', 'spinach', 'ıspanak', 'ispanak', 'lutein', 'bioavailability'], kalan=14)
[evidence] hibrit yol: pubmed_mesh+europepmc (5 parça)
[evidence] supportive — web_search açık, paket öncelikli (tier=supportive)
  [1096] batch kuyruğu (force_package_only=False)
[evidence] alaka filtresi: 1 aday elendi (terimler=['lutein', 'zeaxanthin', 'fat', 'soluble', 'absorption', 'lütein'], kalan=25)
[evidence] hibrit yol: pubmed_mesh+europepmc (5 parça)
  [1097] batch kuyruğu (force_package_only=False)
[evidence] alaka filtresi: 2 aday elendi (terimler=['post', 'meal', 'walking', 'glucose', 'uptake', 'muscle'], kalan=21)
[evidence] hibrit yol: pubmed_mesh+europepmc+medlineplus (5 parça)
  [1099] batch kuyruğu (force_package_only=False)
[evidence] alaka filtresi: 3 aday elendi (terimler=['pumpkin', 'seeds', 'zinc', 'magnesium', 'eye', 'günde'], kalan=17)
[evidence] hibrit yol: pubmed_mesh+europepmc (5 parça)
[evidence] supportive — web_search açık, paket öncelikli (tier=supportive)
  [1101] batch kuyruğu (force_package_only=False)
[evidence] alaka filtresi: 2 aday elendi (terimler=['fish', 'omega', 'vitamin', 'cell', 'membrane', 'repair'], kalan=23)
[evidence] hibrit yol: pubmed_mesh+europepmc+medlineplus (5 parça)
[evidence] supportive — web_search açık, paket öncelikli (tier=supportive)
  [1102] batch kuyruğu (force_package_only=False)
[evidence] hibrit yol: pubmed_mesh+europepmc+medlineplus (5 parça)
[evidence] epistemic=no_direct_evidence_expected
[evidence] bileşen haritası: background(kept=5), background(kept=5)
  [1110] batch kuyruğu (force_package_only=False)
[evidence] hibrit yol: pubmed+europepmc+medlineplus (5 parça)
[evidence] supportive — web_search açık, paket öncelikli (tier=supportive)
[evidence] bileşen haritası: supportive(kept=5), background(kept=5)
  [1114] batch kuyruğu (force_package_only=False)
[evidence] hibrit yol: pubmed_mesh+europepmc+medlineplus (5 parça)
  [1118] batch kuyruğu (force_package_only=False)
[evidence] hibrit yol: pubmed_mesh+europepmc (5 parça)
  [1119] batch kuyruğu (force_package_only=False)
[evidence] alaka filtresi: 2 aday elendi (terimler=['tart', 'cherry', 'concentrate', 'dosage', 'günlük', 'avuç'], kalan=17)
[evidence] hibrit yol: pubmed_mesh+europepmc (5 parça)
[evidence] supportive — web_search açık, paket öncelikli (tier=supportive)
  [1134] batch kuyruğu (force_package_only=False)
[evidence] alaka filtresi: 10 aday elendi (terimler=['ankle', 'circles', 'calf', 'raises', 'prolonged', 'sitting'], kalan=1)
[evidence] hibrit yol: europepmc+medlineplus (1 parça)
[evidence] epistemic=no_direct_evidence_expected
  [1136] batch kuyruğu (force_package_only=False)
[evidence] alaka filtresi: 1 aday elendi (terimler=['leg', 'elevation', 'diuresis', 'fluid', 'redistribution', 'bacak'], kalan=12)
[evidence] hibrit yol: pubmed_mesh+europepmc (5 parça)
[evidence] epistemic=no_direct_evidence_expected
[evidence] bileşen haritası: background(kept=5), background(kept=5)
  [1138] batch kuyruğu (force_package_only=False)
[evidence] alaka filtresi: 1 aday elendi (terimler=['sodium', 'intake', 'endothelial', 'damage', 'gizli', 'sodyum'], kalan=24)
[evidence] hibrit yol: pubmed+europepmc+medlineplus (5 parça)
[evidence] epistemic=no_direct_evidence_expected
  [1141] batch kuyruğu (force_package_only=False)
[evidence] alaka filtresi: 4 aday elendi (terimler=['processed', 'meat', 'sodium', 'varicose', 'veins', 'i̇şlenmiş'], kalan=20)
[evidence] hibrit yol: pubmed_mesh+europepmc+medlineplus (5 parça)
[evidence] bileşen haritası: background(kept=5), background(kept=5)
  [1142] batch kuyruğu (force_package_only=False)
[evidence] alaka filtresi: 4 aday elendi (terimler=['cold', 'therapy', 'venous', 'insufficiency', 'bacaklara', 'duşta'], kalan=23)
[evidence] hibrit yol: pubmed_mesh+europepmc+medlineplus (5 parça)
  [1144] batch kuyruğu (force_package_only=False)
[evidence] alaka filtresi: 1 aday elendi (terimler=['venous', 'valve', 'repair', 'collagen', 'collagenous', 'kolajen'], kalan=23)
[evidence] hibrit yol: pubmed_mesh+europepmc+medlineplus (5 parça)
  [1146] batch kuyruğu (force_package_only=False)
[evidence] alaka filtresi: 5 aday elendi (terimler=['diuretics', 'mechanism', 'volume', 'i̇drar', 'söktürücü', 'ilaçlar'], kalan=20)
[evidence] hibrit yol: pubmed+europepmc+medlineplus (5 parça)
[evidence] strong_match — web_search kapalı (specificity_ok=True)
  [1152] batch kuyruğu (force_package_only=True)
[evidence] alaka filtresi: 2 aday elendi (terimler=['lymphatic', 'system', 'central', 'pump', 'lenfatik', 'sistemin'], kalan=23)
[evidence] hibrit yol: pubmed+europepmc+medlineplus (5 parça)
[evidence] epistemic=no_direct_evidence_expected
  [1154] batch kuyruğu (force_package_only=False)
[evidence] alaka filtresi: 1 aday elendi (terimler=['lymphatic', 'fluid', 'return', 'volume', 'per', 'day'], kalan=21)
[evidence] hibrit yol: pubmed_mesh+europepmc+medlineplus (5 parça)
  [1155] batch kuyruğu (force_package_only=False)
[evidence] alaka filtresi: 2 aday elendi (terimler=['calf', 'muscle', 'pump', 'lymphatic', 'drainage', 'kas'], kalan=18)
[evidence] hibrit yol: pubmed_mesh+europepmc+medlineplus (5 parça)
[evidence] bileşen haritası: background(kept=5), background(kept=5)
  [1156] batch kuyruğu (force_package_only=False)
[evidence] alaka filtresi: 2 aday elendi (terimler=['aging', 'venous', 'lymphatic', 'valve', 'deterioration', 'yaşlarda'], kalan=17)
[evidence] hibrit yol: pubmed_mesh+europepmc+medlineplus (5 parça)
[evidence] strong_match — web_search kapalı (specificity_ok=True)
[evidence] bileşen haritası: supportive(kept=5), direct(kept=5)
  [1157] batch kuyruğu (force_package_only=True)
[evidence] hibrit yol: pubmed_mesh+europepmc+medlineplus (5 parça)
  [1171] batch kuyruğu (force_package_only=False)
[evidence] alaka filtresi: 4 aday elendi (terimler=['prolonged', 'sitting', 'capillary', 'fluid', 'leakage', 'leg'], kalan=8)
[evidence] hibrit yol: pubmed_mesh+europepmc (5 parça)
  [1173] batch kuyruğu (force_package_only=False)
[evidence] alaka filtresi: 6 aday elendi (terimler=['postprandial', 'sedentary', 'behavior', 'fluid', 'retention', 'legs'], kalan=4)
[evidence] hibrit yol: europepmc (4 parça)
  [1178] batch kuyruğu (force_package_only=False)
[evidence] alaka filtresi: 3 aday elendi (terimler=['flavonoids', 'capillary', 'permeability', 'edema', 'yaban', 'mersini'], kalan=20)
[evidence] hibrit yol: pubmed_mesh+europepmc (5 parça)
[evidence] strong_match — web_search kapalı (specificity_ok=True)
  [1181] batch kuyruğu (force_package_only=True)
[evidence] alaka filtresi: 4 aday elendi (terimler=['albumin', 'oncotic', 'fluid', 'retention', 'mechanism', 'albümin'], kalan=20)
[evidence] hibrit yol: pubmed_mesh+europepmc+medlineplus (5 parça)
  [1184] batch kuyruğu (force_package_only=False)
[evidence] alaka filtresi: 3 aday elendi (terimler=['protein', 'intake', 'fluid', 'balance', 'edema', 'yumurta'], kalan=26)
[evidence] hibrit yol: pubmed_mesh+europepmc+medlineplus (5 parça)
  [1185] batch kuyruğu (force_package_only=False)
[evidence] alaka filtresi: 3 aday elendi (terimler=['sources', 'magnesium', 'supplementation', 'kabak', 'zucchini', 'courgette'], kalan=21)
[evidence] hibrit yol: pubmed_mesh+europepmc+medlineplus (5 parça)
[evidence] supportive — web_search açık, paket öncelikli (tier=supportive)
  [1187] batch kuyruğu (force_package_only=False)
[evidence] Europe PMC hatası: HTTPSConnectionPool(host='www.ebi.ac.uk', port=443): Read timed out. (read timeout=15)
[evidence] hibrit yol: medlineplus (1 parça)
[evidence] epistemic=no_direct_evidence_expected
  [1188] batch kuyruğu (force_package_only=False)
[evidence] hibrit yol: pubmed+europepmc+medlineplus (5 parça)
  [1189] batch kuyruğu (force_package_only=False)
[evidence] alaka filtresi: 1 aday elendi (terimler=['walking', 'exercise', 'calf', 'muscle', 'venous', 'lymphatic'], kalan=23)
[evidence] hibrit yol: pubmed_mesh+europepmc+medlineplus (5 parça)
  [1190] batch kuyruğu (force_package_only=False)
[evidence] alaka filtresi: 6 aday elendi (terimler=['fluid', 'accumulation', 'legs', 'prolonged', 'sitting', 'gün'], kalan=13)
[evidence] hibrit yol: pubmed_mesh+europepmc (5 parça)
  [1197] batch kuyruğu (force_package_only=False)
[evidence] alaka filtresi: 5 aday elendi (terimler=['diuretics', 'mechanism', 'volume', 'i̇drar', 'söktürücü', 'ilaçlar'], kalan=20)
[evidence] hibrit yol: pubmed+europepmc+medlineplus (5 parça)
[evidence] strong_match — web_search kapalı (specificity_ok=True)
  [1200] batch kuyruğu (force_package_only=True)
[evidence] alaka filtresi: 2 aday elendi (terimler=['lymphatic', 'system', 'central', 'pump', 'lenfatik', 'sistemin'], kalan=23)
[evidence] hibrit yol: pubmed+europepmc+medlineplus (5 parça)
[evidence] epistemic=no_direct_evidence_expected
  [1203] batch kuyruğu (force_package_only=False)
[evidence] alaka filtresi: 2 aday elendi (terimler=['lymphatic', 'fluid', 'return', 'volume', 'per', 'day'], kalan=20)
[evidence] hibrit yol: pubmed_mesh+europepmc+medlineplus (5 parça)
  [1204] batch kuyruğu (force_package_only=False)
[evidence] alaka filtresi: 2 aday elendi (terimler=['muscle', 'pump', 'lymphatic', 'drainage', 'calf', 'kas'], kalan=23)
[evidence] hibrit yol: pubmed_mesh+europepmc+medlineplus (5 parça)
[evidence] supportive — web_search açık, paket öncelikli (tier=supportive)
  [1205] batch kuyruğu (force_package_only=False)
[evidence] alaka filtresi: 3 aday elendi (terimler=['aging', 'lymphatic', 'valve', 'dysfunction', 'ankle', 'tissue'], kalan=10)
[evidence] hibrit yol: pubmed_mesh+europepmc (5 parça)
[evidence] bileşen haritası: background(kept=5), background(kept=5)
  [1206] batch kuyruğu (force_package_only=False)
[evidence] alaka filtresi: 2 aday elendi (terimler=['calf', 'muscle', 'pump', 'lymphatic', 'drainage', 'exercise'], kalan=19)
[evidence] hibrit yol: pubmed_mesh+europepmc+medlineplus (5 parça)
  [1220] batch kuyruğu (force_package_only=False)
[evidence] alaka filtresi: 31 aday elendi (terimler=['gravity', 'dependent', 'edema', 'capillary', 'lower', 'limb'], kalan=35)
[evidence] topic_cache: 46 aday (topic_key=gfr)
[evidence] hibrit yol: topic_cache+pubmed_mesh+europepmc+medlineplus (5 parça)
  [1221] batch kuyruğu (force_package_only=False)
[evidence] alaka filtresi: 5 aday elendi (terimler=['lymphatic', 'fluid', 'viscosity', 'drainage', 'yeterli', 'tüketimi'], kalan=8)
[evidence] hibrit yol: pubmed_mesh+europepmc+medlineplus (5 parça)
  [1226] batch kuyruğu (force_package_only=False)
[evidence] alaka filtresi: 8 aday elendi (terimler=['flavonoids', 'capillary', 'permeability', 'yaban', 'mersini', 'böğürtlen'], kalan=12)
[evidence] hibrit yol: pubmed_mesh+europepmc (5 parça)
  [1227] batch kuyruğu (force_package_only=False)
[evidence] alaka filtresi: 4 aday elendi (terimler=['albumin', 'oncotic', 'fluid', 'retention', 'mechanism', 'albümin'], kalan=20)
[evidence] hibrit yol: pubmed_mesh+europepmc+medlineplus (5 parça)
  [1230] batch kuyruğu (force_package_only=False)
[evidence] alaka filtresi: 2 aday elendi (terimler=['pumpkin', 'seeds', 'almonds', 'magnesium', 'source', 'kabak'], kalan=9)
[evidence] hibrit yol: pubmed_mesh+europepmc (5 parça)
  [1233] batch kuyruğu (force_package_only=False)
[evidence] hibrit yol: pubmed_mesh+europepmc+medlineplus (5 parça)
  [1235] batch kuyruğu (force_package_only=False)
[evidence] alaka filtresi: 1 aday elendi (terimler=['walking', 'calf', 'muscle', 'pump', 'lymphatic', 'venous'], kalan=18)
[evidence] hibrit yol: pubmed_mesh+europepmc (5 parça)
[evidence] epistemic=no_direct_evidence_expected
  [1236] batch kuyruğu (force_package_only=False)
[evidence] alaka filtresi: 1 aday elendi (terimler=['muscle', 'protein', 'synthesis', 'older', 'adults', 'resistance'], kalan=24)
[evidence] hibrit yol: pubmed+europepmc+medlineplus (5 parça)
  [1249] batch kuyruğu (force_package_only=False)
[evidence] hibrit yol: pubmed+europepmc (5 parça)
[evidence] strong_match — web_search kapalı (specificity_ok=True)
  [1250] batch kuyruğu (force_package_only=True)
[evidence] alaka filtresi: 3 aday elendi (terimler=['ceylon', 'cinnamon', 'cinnamomum', 'tarçın', 'tarcin', 'cassia'], kalan=16)
[evidence] hibrit yol: pubmed_mesh+europepmc (5 parça)
[evidence] epistemic=no_direct_evidence_expected
  [1251] batch kuyruğu (force_package_only=False)
[evidence] alaka filtresi: 3 aday elendi (terimler=['cocoa', 'flavanols', 'vasodilation', 'elderly', 'kakaodaki', 'flavanoller'], kalan=16)
[evidence] hibrit yol: pubmed+europepmc (5 parça)
  [1257] batch kuyruğu (force_package_only=False)
[evidence] alaka filtresi: 4 aday elendi (terimler=['cocoa', 'powder', 'dosage', 'sabah', 'kahvesine', 'yemek'], kalan=18)
[evidence] hibrit yol: pubmed+europepmc+medlineplus (5 parça)
  [1258] batch kuyruğu (force_package_only=False)
[evidence] alaka filtresi: 2 aday elendi (terimler=['mct', 'mcts', 'medium-chain', 'orta zincirli', 'oil', 'ketone'], kalan=8)
[evidence] hibrit yol: europepmc (5 parça)
[evidence] supportive — web_search açık, paket öncelikli (tier=supportive)
[evidence] bileşen haritası: supportive(kept=5), supportive(kept=5)
  [1259] batch kuyruğu (force_package_only=False)
[evidence] alaka filtresi: 1 aday elendi (terimler=['ketones', 'alternative', 'energy', 'source', 'independent', 'ketonlar'], kalan=23)
[evidence] hibrit yol: pubmed_mesh+europepmc+medlineplus (5 parça)
[evidence] bileşen haritası: background(kept=5), background(kept=5)
  [1260] batch kuyruğu (force_package_only=False)
[evidence] alaka filtresi: 1 aday elendi (terimler=['collagen', 'collagenous', 'kolajen', 'kolagen', 'production', 'decline'], kalan=19)
[evidence] hibrit yol: pubmed+europepmc (5 parça)
  [1266] batch kuyruğu (force_package_only=False)
[evidence] hibrit yol: pubmed+europepmc+medlineplus (5 parça)
[evidence] bileşen haritası: background(kept=5), background(kept=5)
  [1269] batch kuyruğu (force_package_only=False)
[evidence] alaka filtresi: 1 aday elendi (terimler=['topical', 'collagen', 'collagenous', 'kolajen', 'kolagen', 'cream'], kalan=20)
[evidence] hibrit yol: pubmed_mesh+europepmc (5 parça)
  [1270] batch kuyruğu (force_package_only=False)
[evidence] alaka filtresi: 1 aday elendi (terimler=['leucine', 'muscle', 'protein', 'synthesis', 'trigger', 'lösin'], kalan=21)
[evidence] hibrit yol: pubmed+europepmc+medlineplus (5 parça)
  [1272] batch kuyruğu (force_package_only=False)
[evidence] alaka filtresi: 1 aday elendi (terimler=['curcumin', 'bioavailability', 'absorption', 'kurkumin', 'tek', 'başına'], kalan=19)
[evidence] hibrit yol: pubmed+europepmc (5 parça)
[evidence] epistemic=no_direct_evidence_expected
  [1276] batch kuyruğu (force_package_only=False)
[evidence] alaka filtresi: 3 aday elendi (terimler=['curcumin', 'fat', 'soluble', 'mct', 'mcts', 'medium-chain'], kalan=7)
[evidence] hibrit yol: europepmc (5 parça)
[evidence] supportive — web_search açık, paket öncelikli (tier=supportive)
  [1279] batch kuyruğu (force_package_only=False)
[evidence] hibrit yol: pubmed+europepmc (5 parça)
[evidence] strong_match — web_search kapalı (specificity_ok=True)
[evidence] bileşen haritası: direct(kept=5), direct(kept=5)
  [1282] batch kuyruğu (force_package_only=True)
[evidence] hibrit yol: pubmed_mesh+europepmc (5 parça)
  [1283] batch kuyruğu (force_package_only=False)
[evidence] alaka filtresi: 5 aday elendi (terimler=['coffee', 'consumption', 'ölçülü', 'kahve', 'tüketimi', 'duyarlılığını'], kalan=23)
[evidence] hibrit yol: pubmed_mesh+europepmc+medlineplus (5 parça)
[evidence] supportive — web_search açık, paket öncelikli (tier=supportive)
  [1285] batch kuyruğu (force_package_only=False)
[evidence] hibrit yol: pubmed+europepmc+medlineplus (5 parça)
  [1287] batch kuyruğu (force_package_only=False)
[evidence] hibrit yol: pubmed+europepmc+medlineplus (5 parça)
[evidence] supportive — web_search açık, paket öncelikli (tier=supportive)
  [1288] batch kuyruğu (force_package_only=False)
[evidence] hibrit yol: pubmed_mesh+europepmc (5 parça)
  [1289] batch kuyruğu (force_package_only=False)
[evidence] alaka filtresi: 2 aday elendi (terimler=['breakfast', 'protein', 'fat', 'glycemic', 'control', 'kahvaltıda'], kalan=19)
[evidence] hibrit yol: pubmed+europepmc+medlineplus (5 parça)
[evidence] supportive — web_search açık, paket öncelikli (tier=supportive)
[evidence] bileşen haritası: supportive(kept=5), background(kept=5)
  [1290] batch kuyruğu (force_package_only=False)
[evidence] hibrit yol: pubmed_mesh+europepmc+medlineplus (5 parça)
  [1293] batch kuyruğu (force_package_only=False)
[evidence] alaka filtresi: 7 aday elendi (terimler=['cocoa', 'flavanols', 'circulation', 'vasodilation', 'kakao', 'dolaşımını'], kalan=16)
[evidence] hibrit yol: pubmed+europepmc+medlineplus (5 parça)
  [1311] batch kuyruğu (force_package_only=False)
[evidence] alaka filtresi: 2 aday elendi (terimler=['turmeric', 'black', 'pepper', 'anti', 'inflammatory', 'bioavailability'], kalan=19)
[evidence] hibrit yol: pubmed+europepmc+medlineplus (5 parça)
  [1312] batch kuyruğu (force_package_only=False)
[batch] gönderildi id=msgbatch_01Y4ZfaterHHvcmFwed7VGEb n=154 status=in_progress
[batch] kayıt: /Users/zeyne/Desktop/yapay zeka doktorlar/health_misinfo_monitor (1)/data/pending_batches.json

[factcheck] 0 iddia işlendi, 0 iddia hata verdi (tekrar denenecek).
[factcheck] ham reasoning -> /Users/zeyne/Desktop/yapay zeka doktorlar/health_misinfo_monitor (1)/data/factcheck_debug.jsonl
[factcheck] tamamlandı. İnsan onayı bekleyen iddialar human_reviewed=0 ile işaretlendi — auto_accepted=1 yalnızca otomasyon kararını gösterir (bkz. README).
