Warning: You are sending unauthenticated requests to the HF Hub. Please set a HF_TOKEN to enable higher rate limits and faster downloads.
[factcheck] yeniden değerlendirilecek: 50 iddia ([248, 253, 357, 362, 377, 627, 759, 763, 775, 798, 801, 805, 810, 813, 828, 848, 857, 859, 869, 880, 901, 948, 954, 956, 957, 971, 978, 980, 1001, 1006, 1028, 1033, 1041, 1043, 1072, 1089, 1098, 1113, 1115, 1129, 1163, 1166, 1168, 1183, 1193, 1264, 1292, 1295, 1297, 1303])
Loading weights:   0%|          | 0/199 [00:00<?, ?it/s]Loading weights: 100%|██████████| 199/199 [00:00<00:00, 7174.80it/s]
Loading weights:   0%|          | 0/202 [00:00<?, ?it/s]Loading weights: 100%|██████████| 202/202 [00:00<00:00, 7542.37it/s]
[evidence] alaka filtresi: 1 aday elendi (terimler=['herbal', 'supplement', 'combined', 'prescription', 'sleep', 'medication'], kalan=24)
[evidence] hibrit yol: pubmed_mesh+europepmc+medlineplus (5 parça)
[evidence] epistemic=no_direct_evidence_expected
  [848] batch kuyruğu (force_package_only=False)
[evidence] hibrit yol: pubmed_mesh+europepmc (5 parça)
  [948] batch kuyruğu (force_package_only=False)
[evidence] alaka filtresi: 4 aday elendi (terimler=['fasting', 'reference', 'range', 'microunit', 'açlık', 'değeri'], kalan=15)
[evidence] hibrit yol: pubmed_mesh+europepmc+medlineplus (5 parça)
  [954] batch kuyruğu (force_package_only=False)
[evidence] alaka filtresi: 5 aday elendi (terimler=['neck', 'exercise', 'case', 'report', 'submental', 'sagging'], kalan=20)
[evidence] hibrit yol: pubmed_mesh+europepmc+medlineplus (5 parça)
  [1006] batch kuyruğu (force_package_only=False)
[evidence] alaka filtresi: 4 aday elendi (terimler=['photopsia', 'flashing', 'lights', 'retinal', 'detachment', 'çevresel'], kalan=18)
[evidence] hibrit yol: pubmed_mesh+europepmc (5 parça)
[evidence] supportive — web_search açık, paket öncelikli (tier=supportive)
  [1072] batch kuyruğu (force_package_only=False)
[evidence] hibrit yol: pubmed_mesh+europepmc (5 parça)
[evidence] epistemic=no_direct_evidence_expected
  [1115] batch kuyruğu (force_package_only=False)
[evidence] hibrit yol: pubmed+europepmc (5 parça)
  [248] batch kuyruğu (force_package_only=False)
[evidence] alaka filtresi: 1 aday elendi (terimler=['beetroot', 'beet', 'pancar', 'juice', 'nitrate', 'elderly'], kalan=19)
[evidence] hibrit yol: pubmed_mesh+europepmc (5 parça)
[evidence] strong_match — web_search kapalı (specificity_ok=True)
  [357] batch kuyruğu (force_package_only=True)
[evidence] alaka filtresi: 5 aday elendi (terimler=['beetroot', 'beet', 'pancar', 'juice', 'frequency', 'weekly'], kalan=5)
[evidence] hibrit yol: europepmc (5 parça)
[evidence] supportive — web_search açık, paket öncelikli (tier=supportive)
  [377] batch kuyruğu (force_package_only=False)
[evidence] alaka filtresi: 2 aday elendi (terimler=['iron', 'deficiency', 'myelin', 'synthesis', 'neurotransmitter', 'demir'], kalan=23)
[evidence] hibrit yol: pubmed+europepmc+medlineplus (5 parça)
  [627] batch kuyruğu (force_package_only=False)
[evidence] alaka filtresi: 3 aday elendi (terimler=['chia', 'flaxseed', 'fiber', 'postprandial', 'glycemic', 'response'], kalan=13)
[evidence] hibrit yol: pubmed_mesh+europepmc+medlineplus (5 parça)
  [759] batch kuyruğu (force_package_only=False)
[evidence] alaka filtresi: 6 aday elendi (terimler=['banana', 'ripeness', 'portion', 'glycemic', 'control', 'muzu'], kalan=9)
[evidence] hibrit yol: europepmc+medlineplus (5 parça)
[evidence] supportive — web_search açık, paket öncelikli (tier=supportive)
  [763] batch kuyruğu (force_package_only=False)
[evidence] alaka filtresi: 2 aday elendi (terimler=['combining', 'fruit', 'protein', 'fat', 'postprandial', 'glucose'], kalan=14)
[evidence] hibrit yol: pubmed_mesh+europepmc (5 parça)
[evidence] epistemic=no_direct_evidence_expected
  [801] batch kuyruğu (force_package_only=False)
[evidence] hibrit yol: pubmed_mesh+europepmc+medlineplus (5 parça)
[evidence] supportive — web_search açık, paket öncelikli (tier=supportive)
  [805] batch kuyruğu (force_package_only=False)
[evidence] alaka filtresi: 1 aday elendi (terimler=['magnesium', 'vitamin', 'zinc', 'tryptophan', 'conversion', 'enzyme'], kalan=24)
[evidence] hibrit yol: pubmed_mesh+europepmc+medlineplus (5 parça)
[evidence] supportive — web_search açık, paket öncelikli (tier=supportive)
  [813] batch kuyruğu (force_package_only=False)
[evidence] alaka filtresi: 7 aday elendi (terimler=['nigella', 'sativa', 'seed', 'digestion', 'chewing', 'bioavailability'], kalan=12)
[evidence] hibrit yol: pubmed_mesh+europepmc (5 parça)
[evidence] supportive — web_search açık, paket öncelikli (tier=supportive)
  [828] batch kuyruğu (force_package_only=False)
[evidence] alaka filtresi: 1 aday elendi (terimler=['forward', 'head', 'posture', 'neck', 'load', 'baş'], kalan=22)
[evidence] hibrit yol: pubmed_mesh+europepmc (5 parça)
[evidence] epistemic=no_direct_evidence_expected
  [857] batch kuyruğu (force_package_only=False)
[evidence] alaka filtresi: 2 aday elendi (terimler=['platysma', 'tension', 'jawline', 'sagging', 'posture', 'bozulmuş'], kalan=1)
[evidence] hibrit yol: europepmc (1 parça)
[evidence] epistemic=no_direct_evidence_expected
  [859] batch kuyruğu (force_package_only=False)
[evidence] alaka filtresi: 8 aday elendi (terimler=['evening', 'sodium', 'intake', 'fluid', 'retention', 'facial'], kalan=15)
[evidence] hibrit yol: pubmed_mesh+europepmc+medlineplus (5 parça)
  [901] batch kuyruğu (force_package_only=False)
[evidence] alaka filtresi: 4 aday elendi (terimler=['cortisol', 'dysregulation', 'gastric', 'emptying', 'gecikmiş', 'mide'], kalan=11)
[evidence] hibrit yol: europepmc+medlineplus (5 parça)
  [956] batch kuyruğu (force_package_only=False)
[evidence] alaka filtresi: 1 aday elendi (terimler=['biotin', 'supplementation', 'hair', 'loss', 'efficacy', 'bağırsak'], kalan=20)
[evidence] hibrit yol: pubmed+europepmc+medlineplus (5 parça)
[evidence] epistemic=no_direct_evidence_expected
  [1033] batch kuyruğu (force_package_only=False)
[evidence] hibrit yol: pubmed_mesh+europepmc+medlineplus (5 parça)
[evidence] supportive — web_search açık, paket öncelikli (tier=supportive)
  [1043] batch kuyruğu (force_package_only=False)
[evidence] alaka filtresi: 4 aday elendi (terimler=['postprandial', 'hyperglycemia', 'retinal', 'damage', 'retina', 'hasarına'], kalan=23)
[evidence] hibrit yol: pubmed_mesh+europepmc+medlineplus (5 parça)
[evidence] epistemic=no_direct_evidence_expected
  [1089] batch kuyruğu (force_package_only=False)
[evidence] hibrit yol: pubmed_mesh+europepmc+medlineplus (5 parça)
  [1098] batch kuyruğu (force_package_only=False)
[evidence] alaka filtresi: 2 aday elendi (terimler=['flavonoids', 'venous', 'wall', 'integrity', 'varicose', 'veins'], kalan=8)
[evidence] hibrit yol: europepmc (5 parça)
  [1129] batch kuyruğu (force_package_only=False)
[evidence] alaka filtresi: 1 aday elendi (terimler=['lymphedema', 'skin', 'fibrosis', 'stemmer', 'sign', 'tedavi'], kalan=21)
[evidence] hibrit yol: pubmed_mesh+europepmc+medlineplus (5 parça)
  [1166] batch kuyruğu (force_package_only=False)
[evidence] alaka filtresi: 1 aday elendi (terimler=['lower', 'limb', 'edema', 'elderly', 'lymphatic', 'cause'], kalan=24)
[evidence] hibrit yol: pubmed+europepmc+medlineplus (5 parça)
[evidence] strong_match — web_search kapalı (specificity_ok=True)
  [1168] batch kuyruğu (force_package_only=True)
[evidence] alaka filtresi: 1 aday elendi (terimler=['hypoalbuminemia', 'edema', 'elderly', 'mechanism', 'kanda', 'düşük'], kalan=19)
[evidence] hibrit yol: pubmed+europepmc (5 parça)
[evidence] epistemic=no_direct_evidence_expected
  [1183] batch kuyruğu (force_package_only=False)
[evidence] hibrit yol: pubmed+europepmc (5 parça)
[evidence] supportive — web_search açık, paket öncelikli (tier=supportive)
  [1193] batch kuyruğu (force_package_only=False)
[evidence] hibrit yol: pubmed+europepmc (5 parça)
  [1295] batch kuyruğu (force_package_only=False)
[evidence] alaka filtresi: 8 aday elendi (terimler=['mct', 'mcts', 'medium-chain', 'orta zincirli', 'oil', 'cocoa'], kalan=2)
[evidence] hibrit yol: europepmc (2 parça)
[evidence] epistemic=no_direct_evidence_expected
  [1303] batch kuyruğu (force_package_only=False)
[evidence] hibrit yol: pubmed+europepmc+medlineplus (5 parça)
[evidence] epistemic=no_direct_evidence_expected
  [253] batch kuyruğu (force_package_only=False)
[evidence] alaka filtresi: 4 aday elendi (terimler=['nitrate', 'heat', 'stability', 'cooking', 'beetroot', 'beet'], kalan=10)
[evidence] hibrit yol: pubmed_mesh+europepmc (5 parça)
[evidence] epistemic=no_direct_evidence_expected
  [362] batch kuyruğu (force_package_only=False)
[evidence] alaka filtresi: 4 aday elendi (terimler=['post', 'meal', 'walking', 'glucose', 'uptake', 'muscle'], kalan=20)
[evidence] hibrit yol: pubmed_mesh+europepmc+medlineplus (5 parça)
  [775] batch kuyruğu (force_package_only=False)
[evidence] alaka filtresi: 2 aday elendi (terimler=['whole', 'orange', 'versus', 'juice', 'glycemic', 'portakalın'], kalan=21)
[evidence] hibrit yol: pubmed_mesh+europepmc+medlineplus (5 parça)
  [798] batch kuyruğu (force_package_only=False)
[evidence] hibrit yol: pubmed+europepmc (5 parça)
[evidence] strong_match — web_search kapalı (specificity_ok=True)
  [810] batch kuyruğu (force_package_only=True)
[evidence] alaka filtresi: 8 aday elendi (terimler=['topical', 'cream', 'penetration', 'smas', 'fascia', 'topikal'], kalan=4)
[evidence] hibrit yol: europepmc+medlineplus (4 parça)
[evidence] epistemic=no_direct_evidence_expected
  [869] batch kuyruğu (force_package_only=False)
[evidence] hibrit yol: pubmed_mesh+europepmc (5 parça)
[evidence] epistemic=no_direct_evidence_expected
  [880] batch kuyruğu (force_package_only=False)
[evidence] alaka filtresi: 1 aday elendi (terimler=['nocturnal', 'awakening', 'cortisol', 'peak', 'circadian', 'gece'], kalan=19)
[evidence] hibrit yol: pubmed_mesh+europepmc (5 parça)
[evidence] supportive — web_search açık, paket öncelikli (tier=supportive)
  [957] batch kuyruğu (force_package_only=False)
[evidence] alaka filtresi: 1 aday elendi (terimler=['progressive', 'muscle', 'relaxation', 'nighttime', 'cortisol', 'sleep'], kalan=19)
[evidence] hibrit yol: pubmed_mesh+europepmc+medlineplus (5 parça)
[evidence] supportive — web_search açık, paket öncelikli (tier=supportive)
  [971] batch kuyruğu (force_package_only=False)
[evidence] alaka filtresi: 1 aday elendi (terimler=['topical', 'retinol', 'peptides', 'skin', 'penetration', 'depth'], kalan=20)
[evidence] hibrit yol: pubmed_mesh+europepmc+medlineplus (5 parça)
  [978] batch kuyruğu (force_package_only=False)
[evidence] alaka filtresi: 2 aday elendi (terimler=['rapid', 'weight', 'loss', 'submental', 'fat', 'skin'], kalan=14)
[evidence] hibrit yol: pubmed_mesh+europepmc+medlineplus (5 parça)
  [980] batch kuyruğu (force_package_only=False)
[evidence] alaka filtresi: 4 aday elendi (terimler=['sleep', 'position', 'facial', 'asymmetry', 'skin', 'sagging'], kalan=18)
[evidence] hibrit yol: pubmed_mesh+europepmc+medlineplus (5 parça)
  [1001] batch kuyruğu (force_package_only=False)
[evidence] hibrit yol: pubmed+europepmc (5 parça)
[evidence] supportive — web_search açık, paket öncelikli (tier=supportive)
  [1028] batch kuyruğu (force_package_only=False)
[evidence] alaka filtresi: 2 aday elendi (terimler=['vitamin', 'enhances', 'non', 'heme', 'iron', 'absorption'], kalan=22)
[evidence] hibrit yol: pubmed+europepmc+medlineplus (5 parça)
[evidence] epistemic=no_direct_evidence_expected
  [1041] batch kuyruğu (force_package_only=False)
[evidence] hibrit yol: pubmed+europepmc+medlineplus (5 parça)
[evidence] supportive — web_search açık, paket öncelikli (tier=supportive)
  [1113] batch kuyruğu (force_package_only=False)
[evidence] alaka filtresi: 1 aday elendi (terimler=['venous', 'valve', 'insufficiency', 'edema', 'mechanism', 'bacak'], kalan=22)
[evidence] hibrit yol: pubmed+europepmc+medlineplus (5 parça)
[evidence] supportive — web_search açık, paket öncelikli (tier=supportive)
  [1163] batch kuyruğu (force_package_only=False)
[evidence] alaka filtresi: 1 aday elendi (terimler=['protein', 'intake', 'per', 'serving', 'muscle', 'maintenance'], kalan=20)
[evidence] hibrit yol: pubmed_mesh+europepmc (5 parça)
  [1264] batch kuyruğu (force_package_only=False)
[evidence] hibrit yol: pubmed+europepmc+medlineplus (5 parça)
[evidence] supportive — web_search açık, paket öncelikli (tier=supportive)
  [1292] batch kuyruğu (force_package_only=False)
[evidence] alaka filtresi: 2 aday elendi (terimler=['traditional', 'breakfast', 'protein', 'estimation', 'geleneksel', 'türk'], kalan=19)
[evidence] hibrit yol: pubmed_mesh+europepmc+medlineplus (5 parça)
[evidence] epistemic=no_direct_evidence_expected
  [1297] batch kuyruğu (force_package_only=False)
[batch] gönderildi id=msgbatch_01LcAj6W8GcfiuiLmE3y7Ru1 n=50 status=in_progress
[batch] kayıt: /Users/zeyne/Desktop/yapay zeka doktorlar/health_misinfo_monitor (1)/data/pending_batches.json

[factcheck] 0 iddia işlendi, 0 iddia hata verdi (tekrar denenecek).
[factcheck] ham reasoning -> /Users/zeyne/Desktop/yapay zeka doktorlar/health_misinfo_monitor (1)/data/factcheck_debug.jsonl
[factcheck] tamamlandı. İnsan onayı bekleyen iddialar human_reviewed=0 ile işaretlendi — auto_accepted=1 yalnızca otomasyon kararını gösterir (bkz. README).
